Component: ARM Compiler 5.06 update 7 (build 960) Tool: armlink [4d3601]

==============================================================================

Section Cross References

    main.o(i.main) refers to platform.o(i.ble_loop) for ble_loop
    main.o(i.main) refers to system_init.o(.data) for System_Init
    public.o(i.Public_Delay_Ms) refers to delay_asm.o(.xip_banned.arm_cm_delay_asm) for arm_cm_delay_asm
    public.o(.data) refers to public.o(i.Public_Delay_Ms) for Public_Delay_Ms
    public.o(.data) refers to public.o(i.Public_BufferInit) for Public_BufferInit
    system_init.o(i.Hardware_Init) refers to platform.o(i.sys_init_app) for sys_init_app
    system_init.o(i.Hardware_Init) refers to segger_rtt.o(i.SEGGER_RTT_Init) for SEGGER_RTT_Init
    system_init.o(i.Hardware_Init) refers to libfw.o(.text.ble_init) for ble_init
    system_init.o(i.Hardware_Init) refers to bsp_led.o(.data) for Bsp_Led
    system_init.o(i.Hardware_Init) refers to bsp_key.o(.data) for Bsp_Key
    system_init.o(i.Hardware_Init) refers to system_init.o(.data) for System_Status
    system_init.o(i.Hardware_Init) refers to bsp_bluetooth.o(.data) for Bsp_BlueTooth
    system_init.o(.data) refers to system_init.o(i.Hardware_Init) for Hardware_Init
    bsp_bluetooth.o(i.Bsp_BlueTooth_Create_adv_Obj) refers to libfw.o(.text.dev_manager_create_legacy_adv_object) for dev_manager_create_legacy_adv_object
    bsp_bluetooth.o(i.Bsp_BlueTooth_Create_adv_Obj) refers to bsp_bluetooth.o(.constdata) for .constdata
    bsp_bluetooth.o(i.Bsp_BlueTooth_Gatt_ServerDataPackageLenUpdate) refers to libfw.o(.text.gap_manager_set_pkt_size) for gap_manager_set_pkt_size
    bsp_bluetooth.o(i.Bsp_BlueTooth_Gatt_ServerDataPackageLenUpdate) refers to bsp_bluetooth.o(.constdata) for .constdata
    bsp_bluetooth.o(i.Bsp_BlueTooth_Gatt_ServerReadQequest_Handler) refers to libfw.o(.text.gatt_manager_get_svc_att_handle) for gatt_manager_get_svc_att_handle
    bsp_bluetooth.o(i.Bsp_BlueTooth_Gatt_ServerReadQequest_Handler) refers to libfw.o(.text.gatt_manager_server_read_req_reply) for gatt_manager_server_read_req_reply
    bsp_bluetooth.o(i.Bsp_BlueTooth_Gatt_ServerReadQequest_Handler) refers to bsp_bluetooth.o(.data) for ls_ble_server_svc_env
    bsp_bluetooth.o(i.Bsp_BlueTooth_Gatt_ServerWriteQequest_Handler) refers to memcpya.o(.text) for __aeabi_memcpy
    bsp_bluetooth.o(i.Bsp_BlueTooth_Gatt_ServerWriteQequest_Handler) refers to ls_dbg.o(i.ls_assert) for ls_assert
    bsp_bluetooth.o(i.Bsp_BlueTooth_Gatt_ServerWriteQequest_Handler) refers to bsp_uart.o(.data) for Bsp_Uart
    bsp_bluetooth.o(i.Bsp_BlueTooth_Gatt_ServerWriteQequest_Handler) refers to system_init.o(.data) for System_Status
    bsp_bluetooth.o(i.Bsp_BlueTooth_Gatt_ServerWriteQequest_Handler) refers to bsp_newprotocol.o(.data) for Bsp_NewProtocol
    bsp_bluetooth.o(i.Bsp_BlueTooth_Gatt_ServerWriteQequest_Handler) refers to bsp_oldprotocol.o(.data) for Bsp_OldProtocol
    bsp_bluetooth.o(i.Bsp_BlueTooth_Gatt_ServerWriteQequest_Handler) refers to bsp_bluetooth.o(.data) for Bsp_BlueTooth
    bsp_bluetooth.o(i.Bsp_BlueTooth_Init) refers to libfw.o(.text.dev_manager_init) for dev_manager_init
    bsp_bluetooth.o(i.Bsp_BlueTooth_Init) refers to libfw.o(.text.gap_manager_init) for gap_manager_init
    bsp_bluetooth.o(i.Bsp_BlueTooth_Init) refers to libfw.o(.text.gatt_manager_init) for gatt_manager_init
    bsp_bluetooth.o(i.Bsp_BlueTooth_Init) refers to bsp_bluetooth.o(i.Bsp_BlueTooth_dev_manager_CallBack) for Bsp_BlueTooth_dev_manager_CallBack
    bsp_bluetooth.o(i.Bsp_BlueTooth_Init) refers to bsp_bluetooth.o(i.Bsp_BlueTooth_gap_manager_CallBack) for Bsp_BlueTooth_gap_manager_CallBack
    bsp_bluetooth.o(i.Bsp_BlueTooth_Init) refers to bsp_bluetooth.o(i.Bsp_BlueTooth_gatt_manager_CallBack) for Bsp_BlueTooth_gatt_manager_CallBack
    bsp_bluetooth.o(i.Bsp_BlueTooth_Send_Notification) refers to libfw.o(.text.gatt_manager_get_svc_att_handle) for gatt_manager_get_svc_att_handle
    bsp_bluetooth.o(i.Bsp_BlueTooth_Send_Notification) refers to bsp_bluetooth.o(i.co_min) for co_min
    bsp_bluetooth.o(i.Bsp_BlueTooth_Send_Notification) refers to libfw.o(.text.gatt_manager_server_send_notification) for gatt_manager_server_send_notification
    bsp_bluetooth.o(i.Bsp_BlueTooth_Send_Notification) refers to memcpya.o(.text) for __aeabi_memcpy
    bsp_bluetooth.o(i.Bsp_BlueTooth_Send_Notification) refers to bsp_uart.o(.data) for Bsp_Uart
    bsp_bluetooth.o(i.Bsp_BlueTooth_Send_Notification) refers to bsp_bluetooth.o(.data) for ls_ble_server_svc_env
    bsp_bluetooth.o(i.Bsp_BlueTooth_Start_adv) refers to ls_dbg.o(i.ls_assert) for ls_assert
    bsp_bluetooth.o(i.Bsp_BlueTooth_Start_adv) refers to libfw.o(.text.adv_data_pack) for adv_data_pack
    bsp_bluetooth.o(i.Bsp_BlueTooth_Start_adv) refers to libfw.o(.text.dev_manager_start_adv) for dev_manager_start_adv
    bsp_bluetooth.o(i.Bsp_BlueTooth_Start_adv) refers to bsp_bluetooth.o(.data) for Bsp_BlueTooth
[...]
    0x00000d04   0x18034678   0x00000008   Code   RO         4614    .xip_banned.ls_ram_assert  ls_dbg.o
    0x00000d0c   0x18034680   0x00000004   Code   RO         6192    .xip_banned.lsqspi_baudrate_get  ls_msp_qspi.o
    0x00000d10   0x18034684   0x0000004c   Code   RO         2725    .xip_banned.lsqspi_direct_read_config  ls_hal_qspi.o
    0x00000d5c   0x180346d0   0x00000008   Code   RO         6193    .xip_banned.lsqspi_dly_get  ls_msp_qspi.o
    0x00000d64   0x180346d8   0x0000003c   Code   RO         2726    .xip_banned.lsqspi_init  ls_hal_qspi.o
    0x00000da0   0x18034714   0x00000040   Code   RO         6194    .xip_banned.lsqspi_msp_init  ls_msp_qspi.o
    0x00000de0   0x18034754   0x00000014   Code   RO         2727    .xip_banned.lsqspi_operation_wait  ls_hal_qspi.o
    0x00000df4   0x18034768   0x00000004   Code   RO         6195    .xip_banned.lsqspi_rd_cap_dly_get  ls_msp_qspi.o
    0x00000df8   0x1803476c   0x00000018   Code   RO         2728    .xip_banned.lsqspi_stig_read_data  ls_hal_qspi.o
    0x00000e10   0x18034784   0x00000062   Code   RO         2729    .xip_banned.lsqspi_stig_read_register  ls_hal_qspi.o
    0x00000e72   0x180347e6   0x00000002   PAD
    0x00000e74   0x180347e8   0x00000020   Code   RO         2730    .xip_banned.lsqspi_stig_send_command  ls_hal_qspi.o
    0x00000e94   0x18034808   0x00000018   Code   RO         2731    .xip_banned.lsqspi_stig_write_data  ls_hal_qspi.o
    0x00000eac   0x18034820   0x00000062   Code   RO         2732    .xip_banned.lsqspi_stig_write_register  ls_hal_qspi.o
    0x00000f0e   0x18034882   0x0000001a   Code   RO         2733    .xip_banned.memcpy_ram  ls_hal_qspi.o
    0x00000f28   0x1803489c   0x0000001c   Code   RO         8885    .xip_banned.normal_sleep_set  sleep.o
    0x00000f44   0x180348b8   0x00000028   Code   RO         8886    .xip_banned.power_down_hardware_modules  sleep.o
    0x00000f6c   0x180348e0   0x00000060   Code   RO         8887    .xip_banned.power_up_hardware_modules  sleep.o
    0x00000fcc   0x18034940   0x0000008a   Code   RO         1942    .xip_banned.quad_io_read_dummy  ls_hal_flash_qspi.o
    0x00001056   0x180349ca   0x00000002   PAD
    0x00001058   0x180349cc   0x00000024   Code   RO         8888    .xip_banned.restore_psp  sleep.o
    0x0000107c   0x180349f0   0x0000002c   Code   RO         8889    .xip_banned.sleep_mode_set  sleep.o
    0x000010a8   0x18034a1c   0x0000002a   Code   RO         9489    .xip_banned.sleep_recover_asm  sleep_asm.o
    0x000010d2   0x18034a46   0x00000002   PAD
    0x000010d4   0x18034a48   0x00000074   Code   RO         2734    .xip_banned.stig_rd_wr  ls_hal_qspi.o
    0x00001148   0x18034abc   0x00000070   Code   RO         2735    .xip_banned.stig_read_continue  ls_hal_qspi.o
    0x000011b8   0x18034b2c   0x000000b8   Code   RO         2736    .xip_banned.stig_read_start  ls_hal_qspi.o
    0x00001270   0x18034be4   0x00000068   Code   RO         2737    .xip_banned.stig_write_continue  ls_hal_qspi.o
    0x000012d8   0x18034c4c   0x000000b8   Code   RO         2738    .xip_banned.stig_write_start  ls_hal_qspi.o
    0x00001390   0x18034d04   0x00000028   Code   RO         8890    .xip_banned.store_psp_return_msp_and_addr  sleep.o
    0x000013b8   0x18034d2c   0x0000001c   Code   RO         8379    .xip_banned.switch_to_xo16m  platform.o
    0x000013d4   0x18034d48   0x0000000c   Code   RO         9551    .xip_banned.systick_get_value  systick.o
    0x000013e0   0x18034d54   0x0000003a   Code   RO         9552    .xip_banned.systick_poll_timeout  systick.o
    0x0000141a   0x18034d8e   0x00000002   PAD
    0x0000141c   0x18034d90   0x00000024   Code   RO         8891    .xip_banned.wait_dpll_lock  sleep.o
    0x00001440   0x18034db4   0x0000000c   Ven    RO        10754    Veneer$$Code        anon$$obj.o
    0x0000144c   0x18034dc0   0x0000000c   Ven    RO        10755    Veneer$$Code        anon$$obj.o
    0x00001458   0x18034dcc   0x00000020   Data   RW          297    .data               system_init.o
    0x00001478   0x18034dec   0x0000004c   Data   RW          348    .data               bsp_bluetooth.o
    0x000014c4   0x18034e38   0x00000030   Data   RW          449    .data               bsp_boot.o
    0x000014f4   0x18034e68   0x00000070   Data   RW          538    .data               bsp_key.o
    0x00001564   0x18034ed8   0x00000018   Data   RW          634    .data               bsp_led.o
    0x0000157c   0x18034ef0   0x0000009c   Data   RW          675    .data               bsp_uart.o
    0x00001618   0x18034f8c   0x00000004   Data   RW          716    .data               bsp_power.o
    0x0000161c   0x18034f90   0x00000008   Data   RW          746    .data               bsp_systimer.o
    0x00001624   0x18034f98   0x00000008   Data   RW          794    .data               bsp_newprotocol.o
    0x0000162c   0x18034fa0   0x00000008   Data   RW          851    .data               bsp_oldprotocol.o
    0x00001634   0x18034fa8   0x0000000e   Data   RW         1532    .data               ls_hal_ecc.o
    0x00001642   0x18034fb6   0x00000002   PAD
    0x00001644   0x18034fb8   0x0000000c   Data   RW         1704    .data               ls_hal_flash.o
    0x00001650   0x18034fc4   0x00000004   Data   RW         5119    .data               tinyfs.o
    0x00001654   0x18034fc8   0x00000007   Data   RW         8094    .data               modem_rf_le501x.o
    0x0000165b   0x18034fcf   0x00000001   PAD
    0x0000165c   0x18034fd0   0x00000030   Data   RW         8449    .data               platform.o
    0x0000168c   0x18035000   0x00000007   Data   RW         8913    .data               sleep.o
    0x00001693   0x18035007   0x00000001   PAD
    0x00001694   0x18035008   0x0000006c   Data   RW         9133    .data               stack_var.o
    0x00001700   0x18035074   0x00000001   Data   RW         9371    .data               sys_stat.o
    0x00001701   0x18035075   0x00000003   PAD
    0x00001704   0x18035078   0x00000004   Data   RW         9555    .data               systick.o
    0x00001708   0x1803507c   0x00000004   Data   RW        10354    .data               mc_p.l(stdout.o)
    0x0000170c   0x18035080   0x00000004   Data   RW        10360    .data               mc_p.l(rand.o)
    0x00001710   0x18035084   0x00000004   Data   RW        10696    .data               mc_p.l(mvars.o)
    0x00001714   0x18035088   0x00000004   Data   RW        10697    .data               mc_p.l(mvars.o)


    Execution Region BSS (Exec base: 0x00001718, Load base: 0x1803ffd0, Size: 0x0000695c, Max: 0xffffffff, ABSOLUTE)

    Exec Addr    Load Addr    Size         Type   Attr      Idx    E Section Name        Object

    0x00001718        -       0x0000003b   Zero   RW          346    .bss                bsp_bluetooth.o
    0x00001753   0x1803ffd0   0x00000001   PAD
    0x00001754        -       0x00000260   Zero   RW          448    .bss                bsp_boot.o
    0x000019b4        -       0x00001000   Zero   RW          673    .bss                bsp_uart.o
    0x000029b4        -       0x0000000c   Zero   RW          745    .bss                bsp_systimer.o
    0x000029c0        -       0x00000010   Zero   RW          793    .bss                bsp_newprotocol.o
    0x000029d0        -       0x0000000c   Zero   RW          850    .bss                bsp_oldprotocol.o
    0x000029dc        -       0x00000060   Zero   RW         1530    .bss                ls_hal_ecc.o
    0x00002a3c        -       0x00000168   Zero   RW         5117    .bss                tinyfs.o
    0x00002ba4        -       0x00000108   Zero   RW         5563    .bss                tinyfs_write_cache.o
    0x00002cac        -       0x0000002c   Zero   RW         8448    .bss                platform.o
    0x00002cd8        -       0x00004da8   Zero   RW         9132    .bss                stack_var.o
    0x00007a80        -       0x00000012   Zero   RW         9370    .bss                sys_stat.o
    0x00007a92   0x1803ffd0   0x00000002   PAD
    0x00007a94        -       0x000004b8   Zero   RW         9625    .bss                segger_rtt.o
    0x00007f4c        -       0x0000000a   Zero   RW        10316    .bss._dev_manager_act_ctrl_fifo_array  libfw.o
    0x00007f56   0x1803ffd0   0x00000002   PAD
    0x00007f58        -       0x00000004   Zero   RW        10296    .bss.ancc_prf_itf_fn  libfw.o
    0x00007f5c        -       0x00000001   Zero   RW        10303    .bss.app_state      libfw.o
    0x00007f5d   0x1803ffd0   0x00000003   PAD
    0x00007f60        -       0x00000004   Zero   RW        10297    .bss.bass_prf_itf_fn  libfw.o
    0x00007f64        -       0x00000028   Zero   RW        10292    .bss.ble_ret_env    libfw.o
    0x00007f8c        -       0x00000001   Zero   RW        10294    .bss.builtin_state  libfw.o
    0x00007f8d   0x1803ffd0   0x00000003   PAD
    0x00007f90        -       0x00000004   Zero   RW        10293    .bss.builtin_timer_env  libfw.o
    0x00007f94        -       0x00000001   Zero   RW        10317    .bss.created_actv_idx  libfw.o
    0x00007f95   0x1803ffd0   0x00000003   PAD
    0x00007f98        -       0x00000010   Zero   RW        10318    .bss.current_adv    libfw.o
    0x00007fa8        -       0x00000001   Zero   RW        10319    .bss.deleted_actv_idx  libfw.o
    0x00007fa9   0x1803ffd0   0x00000003   PAD
    0x00007fac        -       0x00000004   Zero   RW        10320    .bss.dev_evt_cb     libfw.o
    0x00007fb0        -       0x0000000c   Zero   RW        10321    .bss.dev_manager_act_ctrl  libfw.o
    0x00007fbc        -       0x00000004   Zero   RW        10298    .bss.diss_prf_itf_fn  libfw.o
    0x00007fc0        -       0x00000004   Zero   RW        10299    .bss.fotas_prf_itf_fn  libfw.o
    0x00007fc4        -       0x00000064   Zero   RW        10304    .bss.gap_manager    libfw.o
    0x00008028        -       0x00000004   Zero   RW        10306    .bss.gatt_evt_cb    libfw.o
    0x0000802c        -       0x00000008   Zero   RW        10307    .bss.gatt_svc_env_list  libfw.o
    0x00008034        -       0x00000004   Zero   RW        10300    .bss.hogpd_prf_itf_fn  libfw.o
    0x00008038        -       0x00000004   Zero   RW        10301    .bss.ls_mesh_prf_itf_fn  libfw.o
    0x0000803c        -       0x00000004   Zero   RW        10302    .bss.mal_prf_itf_fn  libfw.o
    0x00008040        -       0x00000004   Zero   RW        10295    .bss.nvds_dir       libfw.o
    0x00008044        -       0x00000001   Zero   RW        10311    .bss.peer_storage_max  libfw.o
    0x00008045   0x1803ffd0   0x00000003   PAD
    0x00008048        -       0x00000004   Zero   RW        10335    .bss.prf_ancc_handler_fn  libfw.o
    0x0000804c        -       0x00000004   Zero   RW        10330    .bss.prf_bass_handler_fn  libfw.o
    0x00008050        -       0x00000004   Zero   RW        10323    .bss.prf_diss_handler_fn  libfw.o
    0x00008054        -       0x00000004   Zero   RW        10325    .bss.prf_fotas_handler_fn  libfw.o
    0x00008058        -       0x00000004   Zero   RW        10329    .bss.prf_hogpd_handler_fn  libfw.o
    0x0000805c        -       0x00000004   Zero   RW        10333    .bss.prf_ls_mesh_handler_fn  libfw.o
    0x00008060        -       0x00000006   Zero   RW        10312    .bss.rpa_resolv_addr  libfw.o
    0x00008066   0x1803ffd0   0x00000002   PAD
    0x00008068        -       0x00000004   Zero   RW        10313    .bss.rpa_resolv_cb  libfw.o
    0x0000806c        -       0x00000001   Zero   RW        10314    .bss.rpa_resolv_cnt  libfw.o
    0x0000806d   0x1803ffd0   0x00000001   PAD
    0x0000806e        -       0x00000002   Zero   RW        10309    .bss.send_event_seq_num.3  libfw.o
    0x00008070        -       0x00000002   Zero   RW        10315    .bss.valid_peer_id  libfw.o


    Execution Region HEAP (Exec base: 0x00008074, Load base: 0x1803ffd0, Size: 0x00000804, Max: 0xffffffff, ABSOLUTE, UNINIT)

    Exec Addr    Load Addr    Size         Type   Attr      Idx    E Section Name        Object

    0x00008074   0x1803ffd0   0x00000004   PAD
    0x00008078        -       0x00000800   Zero   RW         9498    HEAP                startup.o


    Execution Region RESET_RETAIN_DATA (Exec base: 0x00008878, Load base: 0x1803ffd0, Size: 0x00000008, Max: 0x00000008, ABSOLUTE, UNINIT)

    Exec Addr    Load Addr    Size         Type   Attr      Idx    E Section Name        Object

    0x00008878        -       0x00000008   Zero   RW            1    RESET_RETAIN_DATA.bss  anon$$obj.o


    Execution Region RW_IRAM6 (Exec base: 0x0000a000, Load base: 0x18040000, Size: 0x00000000, Max: 0x00002000, ABSOLUTE, UNINIT)

    **** No section assigned to this execution region ****


    Execution Region STACK (Exec base: 0x0000a000, Load base: 0x18040000, Size: 0x00001000, Max: 0xffffffff, ABSOLUTE, UNINIT)

    Exec Addr    Load Addr    Size         Type   Attr      Idx    E Section Name        Object

    0x0000a000        -       0x00001000   Zero   RW         9497    STACK               startup.o


    Execution Region FLASH_CODE (Exec base: 0x1803508c, Load base: 0x1803508c, Size: 0x0000af44, Max: 0xffffffff, ABSOLUTE)

    Exec Addr    Load Addr    Size         Type   Attr      Idx    E Section Name        Object

    0x1803508c   0x1803508c   0x00000000   Code   RO        10351  * .ARM.Collect$$$$00000000  mc_p.l(entry.o)
    0x1803508c   0x1803508c   0x00000004   Code   RO        10670    .ARM.Collect$$$$00000001  mc_p.l(entry2.o)
    0x18035090   0x18035090   0x00000004   Code   RO        10673    .ARM.Collect$$$$00000004  mc_p.l(entry5.o)
    0x18035094   0x18035094   0x00000000   Code   RO        10675    .ARM.Collect$$$$00000008  mc_p.l(entry7b.o)
    0x18035094   0x18035094   0x00000000   Code   RO        10677    .ARM.Collect$$$$0000000A  mc_p.l(entry8b.o)
    0x18035094   0x18035094   0x00000008   Code   RO        10678    .ARM.Collect$$$$0000000B  mc_p.l(entry9a.o)
    0x1803509c   0x1803509c   0x00000004   Code   RO        10685    .ARM.Collect$$$$0000000E  mc_p.l(entry12b.o)
    0x180350a0   0x180350a0   0x00000000   Code   RO        10680    .ARM.Collect$$$$0000000F  mc_p.l(entry10a.o)
    0x180350a0   0x180350a0   0x00000000   Code   RO        10682    .ARM.Collect$$$$00000011  mc_p.l(entry11a.o)
    0x180350a0   0x180350a0   0x00000004   Code   RO        10671    .ARM.Collect$$$$00002712  mc_p.l(entry2.o)
    0x180350a4   0x180350a4   0x00000010   Code   RO         9500    .text               startup.o
    0x180350b4   0x180350b4   0x00000060   Code   RO        10355    .text               mc_p.l(uldiv.o)
    0x18035114   0x18035114   0x0000007a   Code   RO        10357    .text               mc_p.l(llmul.o)
    0x1803518e   0x1803518e   0x00000002   PAD
    0x18035190   0x18035190   0x00000024   Code   RO        10359    .text               mc_p.l(rand.o)
    0x180351b4   0x180351b4   0x00000024   Code   RO        10369    .text               mc_p.l(memcpya.o)
    0x180351d8   0x180351d8   0x00000024   Code   RO        10371    .text               mc_p.l(memseta.o)
    0x180351fc   0x180351fc   0x00000012   Code   RO        10375    .text               mc_p.l(strcpy.o)
    0x1803520e   0x1803520e   0x00000002   PAD
    0x18035210   0x18035210   0x0000003c   Code   RO        10668    .text               mc_p.l(sscanf.o)
    0x1803524c   0x1803524c   0x00000020   Code   RO        10686    .text               mc_p.l(llshl.o)
    0x1803526c   0x1803526c   0x00000022   Code   RO        10688    .text               mc_p.l(llushr.o)
    0x1803528e   0x1803528e   0x0000014a   Code   RO        10698    .text               mc_p.l(_scanf_longlong.o)
    0x180353d8   0x180353d8   0x0000014a   Code   RO        10700    .text               mc_p.l(_scanf_int.o)
    0x18035522   0x18035522   0x000000e8   Code   RO        10702    .text               mc_p.l(_scanf_str.o)
    0x1803560a   0x1803560a   0x00000002   PAD
    0x1803560c   0x1803560c   0x00000374   Code   RO        10704    .text               mc_p.l(scanf_fp.o)
    0x18035980   0x18035980   0x0000002c   Code   RO        10708    .text               mc_p.l(scanf_char.o)
    0x180359ac   0x180359ac   0x00000044   Code   RO        10710    .text               mc_p.l(_sgetc.o)
    0x180359f0   0x180359f0   0x00000000   Code   RO        10712    .text               mc_p.l(iusefp.o)
    0x180359f0   0x180359f0   0x00000168   Code   RO        10713    .text               mf_p.l(dadd.o)
    0x18035b58   0x18035b58   0x000000d0   Code   RO        10715    .text               mf_p.l(dmul.o)
    0x18035c28   0x18035c28   0x000000f0   Code   RO        10717    .text               mf_p.l(ddiv.o)
    0x18035d18   0x18035d18   0x00000040   Code   RO        10719    .text               mf_p.l(dfixul.o)
    0x18035d58   0x18035d58   0x00000028   Code   RO        10721    .text               mf_p.l(cdrcmple.o)
    0x18035d80   0x18035d80   0x00000024   Code   RO        10723    .text               mc_p.l(init.o)
    0x18035da4   0x18035da4   0x00000026   Code   RO        10725    .text               mc_p.l(llsshr.o)
    0x18035dca   0x18035dca   0x0000000e   Code   RO        10727    .text               mc_p.l(isspace_c.o)
    0x18035dd8   0x18035dd8   0x0000001e   Code   RO        10729    .text               mc_p.l(_chval.o)
    0x18035df6   0x18035df6   0x00000002   PAD
    0x18035df8   0x18035df8   0x0000033c   Code   RO        10731    .text               mc_p.l(_scanf.o)
    0x18036134   0x18036134   0x000000be   Code   RO        10733    .text               mf_p.l(depilogue.o)
    0x180361f2   0x180361f2   0x00000002   PAD
    0x180361f4   0x180361f4   0x0000001c   Code   RO        10737    .text               mf_p.l(dfltul.o)
    0x18036210   0x18036210   0x00000038   Code   RO        10739    .text               mf_p.l(d2f.o)
    0x18036248   0x18036248   0x00000024   Code   RO        10741    .text               mc_p.l(ctype_c.o)
    0x1803626c   0x1803626c   0x00000082   Code   RO        10744    .text               mf_p.l(fepilogue.o)
    0x180362ee   0x180362ee   0x00000002   PAD
    0x180362f0   0x180362f0   0x0000001c   Code   RO         9508    .text.SVC_Handler   svcall_asm.o
    0x1803630c   0x1803630c   0x00000010   Code   RO        10050    .text.adv_actv_start_param  libfw.o
    0x1803631c   0x1803631c   0x0000004c   Code   RO         9957    .text.adv_data_pack  libfw.o
    0x18036368   0x18036368   0x00000004   Code   RO         9912    .text.anpc_prf_itf_get  libfw.o
    0x1803636c   0x1803636c   0x00000004   Code   RO         9913    .text.anps_prf_itf_get  libfw.o
    0x18036370   0x18036370   0x0000009c   Code   RO         9946    .text.app_init      libfw.o
    0x1803640c   0x1803640c   0x00000304   Code   RO         9945    .text.app_msg_handler  libfw.o
    0x18036710   0x18036710   0x00000004   Code   RO         9903    .text.basc_prf_itf_get  libfw.o
    0x18036714   0x18036714   0x00000004   Code   RO         9927    .text.bcsc_prf_itf_get  libfw.o
    0x18036718   0x18036718   0x00000004   Code   RO         9926    .text.bcss_prf_itf_get  libfw.o
    0x1803671c   0x1803671c   0x00000010   Code   RO        10039    .text.bd_addr_cmp   libfw.o
    0x1803672c   0x1803672c   0x00000070   Code   RO         9861    .text.ble_init      libfw.o
    0x1803679c   0x1803679c   0x0000000c   Code   RO         9867    .text.ble_isr       libfw.o
    0x180367a8   0x180367a8   0x0000009c   Code   RO         9868    .text.ble_radio_reg_config  libfw.o
    0x18036844   0x18036844   0x00000130   Code   RO         9863    .text.ble_reg_restore  libfw.o
    0x18036974   0x18036974   0x00000080   Code   RO         9862    .text.ble_reg_store  libfw.o
    0x180369f4   0x180369f4   0x00000008   Code   RO         9866    .text.ble_sched     libfw.o
    0x180369fc   0x180369fc   0x00000078   Code   RO         9864    .text.ble_sleep     libfw.o
    0x18036a74   0x18036a74   0x000000bc   Code   RO        10035    .text.ble_storage_alloc_peer_id  libfw.o
    0x18036b30   0x18036b30   0x0000008c   Code   RO        10044    .text.ble_storage_bonding_info_search_req  libfw.o
    0x18036bbc   0x18036bbc   0x0000001c   Code   RO        10040    .text.ble_storage_gapm_addr_solved_ind_handler  libfw.o
    0x18036bd8   0x18036bd8   0x00000018   Code   RO        10043    .text.ble_storage_gapm_resolv_addr_cmp  libfw.o
    0x18036bf0   0x18036bf0   0x0000000c   Code   RO        10033    .text.ble_storage_max_num_init  libfw.o
    0x18036bfc   0x18036bfc   0x00000016   Code   RO        10041    .text.ble_storage_read_bonding_info  libfw.o
    0x18036c12   0x18036c12   0x00000016   Code   RO        10048    .text.ble_storage_read_peer_client_info  libfw.o
    0x18036c28   0x18036c28   0x00000016   Code   RO        10046    .text.ble_storage_read_peer_server_info  libfw.o
    0x18036c3e   0x18036c3e   0x00000002   PAD
    0x18036c40   0x18036c40   0x00000038   Code   RO        10034    .text.ble_storage_valid_peer_init  libfw.o
    0x18036c78   0x18036c78   0x00000010   Code   RO        10045    .text.ble_storage_write_bonding_info  libfw.o
    0x18036c88   0x18036c88   0x00000004   Code   RO         9892    .text.blpc_prf_itf_get  libfw.o
    0x18036c8c   0x18036c8c   0x00000004   Code   RO         9891    .text.blps_prf_itf_get  libfw.o
    0x18036c90   0x18036c90   0x0000000a   Code   RO         9955    .text.bond_cfm_csrk_fill  libfw.o
    0x18036c9a   0x18036c9a   0x0000002a   Code   RO         9954    .text.bond_cfm_irk_fill  libfw.o
    0x18036cc4   0x18036cc4   0x0000000a   Code   RO         9947    .text.bond_cfm_ltk_fill  libfw.o
    0x18036cce   0x18036cce   0x00000022   Code   RO         9956    .text.bond_cfm_pair_feat_fill  libfw.o
    0x18036cf0   0x18036cf0   0x0000000a   Code   RO         9950    .text.bond_cfm_tk_fill  libfw.o
    0x18036cfa   0x18036cfa   0x00000002   PAD
    0x18036cfc   0x18036cfc   0x000000d0   Code   RO         9953    .text.bond_search_callback  libfw.o
    0x18036dcc   0x18036dcc   0x0000000a   Code   RO         9878    .text.builtin_dynamic_msg_handler  libfw.o
    0x18036dd6   0x18036dd6   0x0000000c   Code   RO         9877    .text.builtin_func_invoke_handler  libfw.o
    0x18036de2   0x18036de2   0x00000002   PAD
    0x18036de4   0x18036de4   0x0000001c   Code   RO         9879    .text.builtin_task_init  libfw.o
    0x18036e00   0x18036e00   0x00000018   Code   RO         9872    .text.builtin_timer_create  libfw.o
    0x18036e18   0x18036e18   0x0000000c   Code   RO         9871    .text.builtin_timer_env_register  libfw.o
    0x18036e24   0x18036e24   0x00000020   Code   RO         9870    .text.builtin_timer_handler  libfw.o
    0x18036e44   0x18036e44   0x00000034   Code   RO         9875    .text.builtin_timer_start  libfw.o
    0x18036e78   0x18036e78   0x00000030   Code   RO         9874    .text.builtin_timer_stop  libfw.o
    0x18036ea8   0x18036ea8   0x00000004   Code   RO         9933    .text.cgmc_prf_itf_get  libfw.o
    0x18036eac   0x18036eac   0x00000004   Code   RO         9932    .text.cgms_prf_itf_get  libfw.o
    0x18036eb0   0x18036eb0   0x00000004   Code   RO         9916    .text.cppc_prf_itf_get  libfw.o
    0x18036eb4   0x18036eb4   0x00000004   Code   RO         9917    .text.cpps_prf_itf_get  libfw.o
    0x18036eb8   0x18036eb8   0x00000004   Code   RO         9910    .text.cscpc_prf_itf_get  libfw.o
    0x18036ebc   0x18036ebc   0x00000004   Code   RO         9911    .text.cscps_prf_itf_get  libfw.o
    0x18036ec0   0x18036ec0   0x0000000a   Code   RO        10064    .text.dev_manager_add_service  libfw.o
    0x18036eca   0x18036eca   0x00000092   Code   RO        10063    .text.dev_manager_add_service_with_start_handle  libfw.o
    0x18036f5c   0x18036f5c   0x00000084   Code   RO        10055    .text.dev_manager_create_adv_object  libfw.o
    0x18036fe0   0x18036fe0   0x0000000c   Code   RO        10068    .text.dev_manager_create_legacy_adv_object  libfw.o
    0x18036fec   0x18036fec   0x0000000c   Code   RO        10085    .text.dev_manager_gapm_activity_created_ind_handler  libfw.o
    0x18036ff8   0x18036ff8   0x00000044   Code   RO        10077    .text.dev_manager_gapm_activity_stopped_ind_handler  libfw.o
    0x1803703c   0x1803703c   0x0000004c   Code   RO        10091    .text.dev_manager_gapm_create_activity_cmp  libfw.o
    0x18037088   0x18037088   0x00000020   Code   RO        10090    .text.dev_manager_gapm_delete_activity_cmp  libfw.o
    0x180370a8   0x180370a8   0x00000030   Code   RO        10086    .text.dev_manager_gapm_ext_adv_report_ind_handler  libfw.o
    0x180370d8   0x180370d8   0x0000006c   Code   RO        10092    .text.dev_manager_gapm_profile_added_ind_handler  libfw.o
    0x18037144   0x18037144   0x00000028   Code   RO        10061    .text.dev_manager_gapm_reset_cmp  libfw.o
    0x1803716c   0x1803716c   0x00000020   Code   RO        10087    .text.dev_manager_gapm_scan_request_ind_handler  libfw.o
    0x1803718c   0x1803718c   0x00000074   Code   RO        10079    .text.dev_manager_gapm_set_adv_data_cmp  libfw.o
    0x18037200   0x18037200   0x00000028   Code   RO        10062    .text.dev_manager_gapm_set_dev_config_cmp  libfw.o
    0x18037228   0x18037228   0x00000028   Code   RO        10084    .text.dev_manager_gapm_set_scan_rsp_data_cmp  libfw.o
    0x18037250   0x18037250   0x00000064   Code   RO        10088    .text.dev_manager_gapm_start_activity_cmp  libfw.o
    0x180372b4   0x180372b4   0x00000002   Code   RO        10089    .text.dev_manager_gapm_stop_activity_cmp  libfw.o
    0x180372b6   0x180372b6   0x00000002   PAD
    0x180372b8   0x180372b8   0x0000001c   Code   RO        10065    .text.dev_manager_gattm_add_svc_rsp_handler  libfw.o
    0x180372d4   0x180372d4   0x00000020   Code   RO        10094    .text.dev_manager_get_identity_bdaddr  libfw.o
    0x180372f4   0x180372f4   0x00000020   Code   RO        10058    .text.dev_manager_init  libfw.o
    0x18037314   0x18037314   0x000000c0   Code   RO        10060    .text.dev_manager_stack_init  libfw.o
    0x180373d4   0x180373d4   0x00000060   Code   RO        10075    .text.dev_manager_start_adv  libfw.o
    0x18037434   0x18037434   0x00000004   Code   RO         9890    .text.disc_prf_itf_get  libfw.o
    0x18037438   0x18037438   0x00000004   Code   RO         9923    .text.envc_prf_itf_get  libfw.o
    0x1803743c   0x1803743c   0x00000004   Code   RO         9922    .text.envs_prf_itf_get  libfw.o
    0x18037440   0x18037440   0x00000004   Code   RO         9897    .text.findl_prf_itf_get  libfw.o
    0x18037444   0x18037444   0x00000004   Code   RO         9898    .text.findt_prf_itf_get  libfw.o
    0x18037448   0x18037448   0x00000028   Code   RO         9880    .text.func_post     libfw.o
    0x18037470   0x18037470   0x00000168   Code   RO         9973    .text.gap_manager_gapc_bond_ind_handler  libfw.o
    0x180375d8   0x180375d8   0x0000017c   Code   RO         9989    .text.gap_manager_gapc_bond_req_ind_handler  libfw.o
    0x18037754   0x18037754   0x00000044   Code   RO         9962    .text.gap_manager_gapc_cmp_evt_handler  libfw.o
    0x18037798   0x18037798   0x00000034   Code   RO         9963    .text.gap_manager_gapc_conn_req_ind_handler  libfw.o
    0x180377cc   0x180377cc   0x00000018   Code   RO         9964    .text.gap_manager_gapc_disconnect_ind_handler  libfw.o
    0x180377e4   0x180377e4   0x00000018   Code   RO         9975    .text.gap_manager_gapc_encrypt_ind_handler  libfw.o
    0x180377fc   0x180377fc   0x00000090   Code   RO         9974    .text.gap_manager_gapc_encrypt_req_ind_handler  libfw.o
    0x1803788c   0x1803788c   0x000000c8   Code   RO         9983    .text.gap_manager_gapc_get_dev_info_req_ind_handler  libfw.o
    0x18037954   0x18037954   0x00000018   Code   RO         9984    .text.gap_manager_gapc_get_rssi_ind_handler  libfw.o
    0x1803796c   0x1803796c   0x00000020   Code   RO         9965    .text.gap_manager_gapc_le_phy_ind_handler  libfw.o
    0x1803798c   0x1803798c   0x00000040   Code   RO         9981    .text.gap_manager_gapc_param_update_req_ind_handler  libfw.o
    0x180379cc   0x180379cc   0x00000014   Code   RO         9982    .text.gap_manager_gapc_param_updated_ind_handler  libfw.o
    0x180379e0   0x180379e0   0x00000018   Code   RO         9976    .text.gap_manager_gapc_security_ind_handler  libfw.o
    0x180379f8   0x180379f8   0x00000016   Code   RO         9986    .text.gap_manager_get_peer_addr  libfw.o
    0x18037a0e   0x18037a0e   0x00000002   PAD
    0x18037a10   0x18037a10   0x00000028   Code   RO         9958    .text.gap_manager_init  libfw.o
    0x18037a38   0x18037a38   0x00000030   Code   RO         9980    .text.gap_manager_set_pkt_size  libfw.o
    0x18037a68   0x18037a68   0x00000034   Code   RO         9988    .text.gap_manager_slave_pair_response_send  libfw.o
    0x18037a9c   0x18037a9c   0x00000018   Code   RO         9968    .text.gap_manager_tk_set  libfw.o
    0x18037ab4   0x18037ab4   0x00000034   Code   RO         9952    .text.gapc_bond_cfm_send  libfw.o
    0x18037ae8   0x18037ae8   0x00000060   Code   RO        10056    .text.gapm_activity_start_cmd_send  libfw.o
    0x18037b48   0x18037b48   0x00000014   Code   RO        10057    .text.gapm_adv_activity_start_cmd_send  libfw.o
    0x18037b5c   0x18037b5c   0x00000024   Code   RO        10014    .text.gatt_manager_gattc_att_info_req_ind_handler  libfw.o
    0x18037b80   0x18037b80   0x00000090   Code   RO        10001    .text.gatt_manager_gattc_cmp_evt_handler  libfw.o
    0x18037c10   0x18037c10   0x00000030   Code   RO        10031    .text.gatt_manager_gattc_disc_char_desc_ind_handler  libfw.o
    0x18037c40   0x18037c40   0x00000038   Code   RO        10030    .text.gatt_manager_gattc_disc_char_ind_handler  libfw.o
    0x18037c78   0x18037c78   0x00000034   Code   RO        10029    .text.gatt_manager_gattc_disc_svc_incl_ind_handler  libfw.o
    0x18037cac   0x18037cac   0x00000034   Code   RO        10028    .text.gatt_manager_gattc_disc_svc_ind_handler  libfw.o
    0x18037ce0   0x18037ce0   0x00000040   Code   RO        10006    .text.gatt_manager_gattc_event_ind_handler  libfw.o
    0x18037d20   0x18037d20   0x00000040   Code   RO        10005    .text.gatt_manager_gattc_event_req_ind_handler  libfw.o
    0x18037d60   0x18037d60   0x0000001c   Code   RO        10002    .text.gatt_manager_gattc_mtu_exchanged_ind_handler  libfw.o
    0x18037d7c   0x18037d7c   0x00000028   Code   RO        10032    .text.gatt_manager_gattc_read_ind_handler  libfw.o
    0x18037da4   0x18037da4   0x00000014   Code   RO        10012    .text.gatt_manager_gattc_read_req_ind_handler  libfw.o
    0x18037db8   0x18037db8   0x00000014   Code   RO        10013    .text.gatt_manager_gattc_write_req_ind_handler  libfw.o
    0x18037dcc   0x18037dcc   0x0000000a   Code   RO        10011    .text.gatt_manager_get_svc_att_handle  libfw.o
    0x18037dd6   0x18037dd6   0x00000002   PAD
    0x18037dd8   0x18037dd8   0x00000018   Code   RO        10015    .text.gatt_manager_init  libfw.o
    0x18037df0   0x18037df0   0x00000040   Code   RO        10010    .text.gatt_manager_server_read_req_reply  libfw.o
    0x18037e30   0x18037e30   0x00000010   Code   RO        10007    .text.gatt_manager_server_send_notification  libfw.o
    0x18037e40   0x18037e40   0x00000014   Code   RO        10017    .text.gatt_manager_svc_register  libfw.o
    0x18037e54   0x18037e54   0x00000034   Code   RO        10000    .text.gatt_svc_list_walk_through.isra.0  libfw.o
    0x18037e88   0x18037e88   0x0000005c   Code   RO         9997    .text.gattc_event_cmd_send  libfw.o
    0x18037ee4   0x18037ee4   0x00000012   Code   RO         9995    .text.gattc_manager_uuidlen_internal_to_user  libfw.o
    0x18037ef6   0x18037ef6   0x00000004   Code   RO         9906    .text.glpc_prf_itf_get  libfw.o
    0x18037efa   0x18037efa   0x00000004   Code   RO         9907    .text.glps_prf_itf_get  libfw.o
    0x18037efe   0x18037efe   0x00000004   Code   RO         9904    .text.hogpbh_prf_itf_get  libfw.o
    0x18037f02   0x18037f02   0x00000004   Code   RO         9905    .text.hogprh_prf_itf_get  libfw.o
    0x18037f06   0x18037f06   0x00000004   Code   RO         9896    .text.hrpc_prf_itf_get  libfw.o
    0x18037f0a   0x18037f0a   0x00000004   Code   RO         9895    .text.hrps_prf_itf_get  libfw.o
    0x18037f0e   0x18037f0e   0x00000004   Code   RO         9888    .text.htpc_prf_itf_get  libfw.o
    0x18037f12   0x18037f12   0x00000004   Code   RO         9887    .text.htpt_prf_itf_get  libfw.o
    0x18037f16   0x18037f16   0x00000002   PAD
    0x18037f18   0x18037f18   0x00000090   Code   RO         9869    .text.ip_rf_init    libfw.o
    0x18037fa8   0x18037fa8   0x00000004   Code   RO         9921    .text.ipsc_prf_itf_get  libfw.o
    0x18037fac   0x18037fac   0x00000004   Code   RO         9920    .text.ipss_prf_itf_get  libfw.o
    0x18037fb0   0x18037fb0   0x00000004   Code   RO         9918    .text.lanc_prf_itf_get  libfw.o
    0x18037fb4   0x18037fb4   0x00000004   Code   RO         9919    .text.lans_prf_itf_get  libfw.o
    0x18037fb8   0x18037fb8   0x00000016   Code   RO         9865    .text.mac_sleep_check  libfw.o
    0x18037fce   0x18037fce   0x00000002   PAD
    0x18037fd0   0x18037fd0   0x00000044   Code   RO         9883    .text.nvds_del      libfw.o
    0x18038014   0x18038014   0x000000c4   Code   RO         9882    .text.nvds_get      libfw.o
    0x180380d8   0x180380d8   0x00000020   Code   RO         9881    .text.nvds_init     libfw.o
    0x180380f8   0x180380f8   0x00000050   Code   RO         9884    .text.nvds_put      libfw.o
    0x18038148   0x18038148   0x00000048   Code   RO         9885    .text.nvds_tag_exist  libfw.o
    0x18038190   0x18038190   0x00000008   Code   RO         9886    .text.nvds_write_through  libfw.o
    0x18038198   0x18038198   0x0000002c   Code   RO         9949    .text.pair_done_evt  libfw.o
    0x180381c4   0x180381c4   0x00000004   Code   RO         9914    .text.paspc_prf_itf_get  libfw.o
    0x180381c8   0x180381c8   0x00000004   Code   RO         9915    .text.pasps_prf_itf_get  libfw.o
    0x180381cc   0x180381cc   0x00000022   Code   RO         9969    .text.passkey_set   libfw.o
    0x180381ee   0x180381ee   0x00000004   Code   RO         9931    .text.plxc_prf_itf_get  libfw.o
    0x180381f2   0x180381f2   0x00000004   Code   RO         9930    .text.plxs_prf_itf_get  libfw.o
    0x180381f6   0x180381f6   0x00000002   PAD
    0x180381f8   0x180381f8   0x00000010   Code   RO         9943    .text.prf_fn_init   libfw.o
    0x18038208   0x18038208   0x000001c4   Code   RO         9936    .text.prf_itf_get   libfw.o
    0x180383cc   0x180383cc   0x00000002   Code   RO         9944    .text.prf_ls_sig_mesh_handler  libfw.o
    0x180383ce   0x180383ce   0x00000004   Code   RO         9899    .text.proxm_prf_itf_get  libfw.o
    0x180383d2   0x180383d2   0x00000004   Code   RO         9900    .text.proxr_prf_itf_get  libfw.o
    0x180383d6   0x180383d6   0x00000002   PAD
    0x180383d8   0x180383d8   0x00000098   Code   RO        10042    .text.rpa_resolve_start  libfw.o
    0x18038470   0x18038470   0x00000004   Code   RO         9908    .text.rscpc_prf_itf_get  libfw.o
    0x18038474   0x18038474   0x00000004   Code   RO         9909    .text.rscps_prf_itf_get  libfw.o
    0x18038478   0x18038478   0x00000004   Code   RO         9901    .text.scppc_prf_itf_get  libfw.o
    0x1803847c   0x1803847c   0x00000004   Code   RO         9902    .text.scpps_prf_itf_get  libfw.o
    0x18038480   0x18038480   0x0000000a   Code   RO         9493    .text.stack_assert_asm  stack_asm.o
    0x1803848a   0x1803848a   0x00000002   PAD
    0x1803848c   0x1803848c   0x000001cc   Code   RO         9860    .text.statck_buffer_init  libfw.o
    0x18038658   0x18038658   0x0000001c   Code   RO         9994    .text.svc_read_req_callback  libfw.o
    0x18038674   0x18038674   0x00000058   Code   RO         9996    .text.svc_write_req_callback  libfw.o
    0x180386cc   0x180386cc   0x00000004   Code   RO         9894    .text.tipc_prf_itf_get  libfw.o
    0x180386d0   0x180386d0   0x00000004   Code   RO         9893    .text.tips_prf_itf_get  libfw.o
    0x180386d4   0x180386d4   0x00000004   Code   RO         9935    .text.udsc_prf_itf_get  libfw.o
    0x180386d8   0x180386d8   0x00000004   Code   RO         9934    .text.udss_prf_itf_get  libfw.o
    0x180386dc   0x180386dc   0x00000004   Code   RO         9929    .text.wptc_prf_itf_get  libfw.o
    0x180386e0   0x180386e0   0x00000004   Code   RO         9928    .text.wpts_prf_itf_get  libfw.o
    0x180386e4   0x180386e4   0x00000004   Code   RO         9925    .text.wscc_prf_itf_get  libfw.o
    0x180386e8   0x180386e8   0x00000004   Code   RO         9924    .text.wscs_prf_itf_get  libfw.o
    0x180386ec   0x180386ec   0x0000000c   Ven    RO        10756    Veneer$$Code        anon$$obj.o
    0x180386f8   0x180386f8   0x0000000c   Ven    RO        10757    Veneer$$Code        anon$$obj.o
    0x18038704   0x18038704   0x0000000c   Ven    RO        10758    Veneer$$Code        anon$$obj.o
    0x18038710   0x18038710   0x0000000c   Ven    RO        10759    Veneer$$Code        anon$$obj.o
    0x1803871c   0x1803871c   0x0000000c   Ven    RO        10760    Veneer$$Code        anon$$obj.o
    0x18038728   0x18038728   0x0000000c   Ven    RO        10761    Veneer$$Code        anon$$obj.o
    0x18038734   0x18038734   0x0000000c   Ven    RO        10762    Veneer$$Code        anon$$obj.o
    0x18038740   0x18038740   0x0000000c   Ven    RO        10763    Veneer$$Code        anon$$obj.o
    0x1803874c   0x1803874c   0x0000000c   Ven    RO        10764    Veneer$$Code        anon$$obj.o
    0x18038758   0x18038758   0x0000000c   Ven    RO        10765    Veneer$$Code        anon$$obj.o
    0x18038764   0x18038764   0x0000000c   Ven    RO        10766    Veneer$$Code        anon$$obj.o
    0x18038770   0x18038770   0x0000000c   Ven    RO        10767    Veneer$$Code        anon$$obj.o
    0x1803877c   0x1803877c   0x0000000c   Ven    RO        10768    Veneer$$Code        anon$$obj.o
    0x18038788   0x18038788   0x0000000c   Ven    RO        10769    Veneer$$Code        anon$$obj.o
    0x18038794   0x18038794   0x0000000c   Ven    RO        10770    Veneer$$Code        anon$$obj.o
    0x180387a0   0x180387a0   0x0000000c   Ven    RO        10771    Veneer$$Code        anon$$obj.o
    0x180387ac   0x180387ac   0x0000001a   Code   RO         8892    i.BLE_WKUP_Handler  sleep.o
    0x180387c6   0x180387c6   0x00000002   PAD
    0x180387c8   0x180387c8   0x00000024   Code   RO         8893    i.BLE_WKUP_IRQ_DISABLE  sleep.o
    0x180387ec   0x180387ec   0x00000078   Code   RO         8073    i.BPF_CAL           modem_rf_le501x.o
    0x18038864   0x18038864   0x00000018   Code   RO          335    i.Bsp_BlueTooth_Create_adv_Obj  bsp_bluetooth.o
    0x1803887c   0x1803887c   0x00000018   Code   RO          336    i.Bsp_BlueTooth_Gatt_ServerDataPackageLenUpdate  bsp_bluetooth.o
    0x18038894   0x18038894   0x00000060   Code   RO          337    i.Bsp_BlueTooth_Gatt_ServerReadQequest_Handler  bsp_bluetooth.o
    0x180388f4   0x180388f4   0x00000180   Code   RO          338    i.Bsp_BlueTooth_Gatt_ServerWriteQequest_Handler  bsp_bluetooth.o
    0x18038a74   0x18038a74   0x00000024   Code   RO          339    i.Bsp_BlueTooth_Init  bsp_bluetooth.o
    0x18038a98   0x18038a98   0x0000008c   Code   RO          340    i.Bsp_BlueTooth_Send_Notification  bsp_bluetooth.o
    0x18038b24   0x18038b24   0x000000d8   Code   RO          341    i.Bsp_BlueTooth_Start_adv  bsp_bluetooth.o
    0x18038bfc   0x18038bfc   0x00000158   Code   RO          342    i.Bsp_BlueTooth_dev_manager_CallBack  bsp_bluetooth.o
    0x18038d54   0x18038d54   0x00000100   Code   RO          343    i.Bsp_BlueTooth_gap_manager_CallBack  bsp_bluetooth.o
    0x18038e54   0x18038e54   0x00000134   Code   RO          344    i.Bsp_BlueTooth_gatt_manager_CallBack  bsp_bluetooth.o
    0x18038f88   0x18038f88   0x0000002c   Code   RO          436    i.Bsp_Boot_Cmd_R_all_file_finish_Handler  bsp_boot.o
    0x18038fb4   0x18038fb4   0x00000038   Code   RO          437    i.Bsp_Boot_Cmd_R_change_firmware_Handler  bsp_boot.o
    0x18038fec   0x18038fec   0x00000064   Code   RO          438    i.Bsp_Boot_Cmd_R_check_image_base_Handler  bsp_boot.o
    0x18039050   0x18039050   0x00000098   Code   RO          439    i.Bsp_Boot_Cmd_R_check_keyboard_version_Handler  bsp_boot.o
    0x180390e8   0x180390e8   0x00000034   Code   RO          440    i.Bsp_Boot_Cmd_R_start_update_Handler  bsp_boot.o
    0x1803911c   0x1803911c   0x00000084   Code   RO          441    i.Bsp_Boot_Cmd_R_update_file_Handler  bsp_boot.o
    0x180391a0   0x180391a0   0x0000000c   Code   RO          442    i.Bsp_Boot_InfoGet  bsp_boot.o
    0x180391ac   0x180391ac   0x00000018   Code   RO          443    i.Bsp_Boot_JumpAppRun  bsp_boot.o
    0x180391c4   0x180391c4   0x000000b4   Code   RO          444    i.Bsp_Boot_StartUpdate  bsp_boot.o
    0x18039278   0x18039278   0x0000000c   Code   RO          445    i.Bsp_Boot_SysInfoGet  bsp_boot.o
    0x18039284   0x18039284   0x000000f0   Code   RO          446    i.Bsp_Boot_UpdateData_WriteFlash  bsp_boot.o
    0x18039374   0x18039374   0x0000004a   Code   RO          520    i.Bsp_Key_Init      bsp_key.o
    0x180393be   0x180393be   0x00000002   PAD
    0x180393c0   0x180393c0   0x00000018   Code   RO          630    i.Bsp_Led_All_Close  bsp_led.o
    0x180393d8   0x180393d8   0x000000ac   Code   RO          631    i.Bsp_Led_BlinkConrol_Handler  bsp_led.o
    0x18039484   0x18039484   0x00000024   Code   RO          632    i.Bsp_Led_Init      bsp_led.o
    0x180394a8   0x180394a8   0x00000064   Code   RO          633    i.Bsp_Led_StatusUpdate_Handler  bsp_led.o
    0x1803950c   0x1803950c   0x0000001c   Code   RO          786    i.Bsp_NewProtocol_CRC_Calculate  bsp_newprotocol.o
    0x18039528   0x18039528   0x0000007c   Code   RO          787    i.Bsp_NewProtocol_ClearParsedPackage  bsp_newprotocol.o
    0x180395a4   0x180395a4   0x00000150   Code   RO          788    i.Bsp_NewProtocol_GetPackageInfo  bsp_newprotocol.o
    0x180396f4   0x180396f4   0x0000000c   Code   RO          789    i.Bsp_NewProtocol_ParsedSuccess_Handler  bsp_newprotocol.o
    0x18039700   0x18039700   0x00000112   Code   RO          790    i.Bsp_NewProtocol_RxDataParse_Handler  bsp_newprotocol.o
    0x18039812   0x18039812   0x00000002   PAD
    0x18039814   0x18039814   0x00000094   Code   RO          791    i.Bsp_NewProtocol_SendPackage  bsp_newprotocol.o
    0x180398a8   0x180398a8   0x00000108   Code   RO          792    i.Bsp_NewProtocol_SyntheticData_Handler  bsp_newprotocol.o
    0x180399b0   0x180399b0   0x0000001c   Code   RO          842    i.Bsp_OldProtocol_CRC_Calculate  bsp_oldprotocol.o
    0x180399cc   0x180399cc   0x0000007c   Code   RO          843    i.Bsp_OldProtocol_ClearParsedPackage  bsp_oldprotocol.o
    0x18039a48   0x18039a48   0x0000005c   Code   RO          844    i.Bsp_OldProtocol_CmdProtocolSwich_Handler  bsp_oldprotocol.o
    0x18039aa4   0x18039aa4   0x00000134   Code   RO          845    i.Bsp_OldProtocol_GetPackageInfo  bsp_oldprotocol.o
    0x18039bd8   0x18039bd8   0x0000000c   Code   RO          846    i.Bsp_OldProtocol_ParsedSuccess_Handler  bsp_oldprotocol.o
    0x18039be4   0x18039be4   0x000000d4   Code   RO          847    i.Bsp_OldProtocol_RxDataParse_Handler  bsp_oldprotocol.o
    0x18039cb8   0x18039cb8   0x00000080   Code   RO          848    i.Bsp_OldProtocol_SendPackage  bsp_oldprotocol.o
    0x18039d38   0x18039d38   0x00000094   Code   RO          849    i.Bsp_OldProtocol_SyntheticData_Handler  bsp_oldprotocol.o
    0x18039dcc   0x18039dcc   0x00000094   Code   RO          715    i.Bsp_Power_Enter_LowPowerMode  bsp_power.o
    0x18039e60   0x18039e60   0x0000002c   Code   RO          740    i.Bsp_SysTimer_CallBack  bsp_systimer.o
    0x18039e8c   0x18039e8c   0x00000024   Code   RO          741    i.Bsp_SysTimer_Init  bsp_systimer.o
    0x18039eb0   0x18039eb0   0x00000064   Code   RO          670    i.Bsp_Uart_Ble_SendData  bsp_uart.o
    0x18039f14   0x18039f14   0x0000002c   Code   RO          671    i.Bsp_Uart_ParameterInit  bsp_uart.o
    0x18039f40   0x18039f40   0x0000001e   Code   RO          672    i.Bsp_Uart_RecData_AddPosition  bsp_uart.o
    0x18039f5e   0x18039f5e   0x00000002   PAD
    0x18039f60   0x18039f60   0x00000038   Code   RO          447    i.Bsp_boot_UpdateSuccess_Handler  bsp_boot.o
    0x18039f98   0x18039f98   0x00000024   Code   RO          521    i.Bsp_key_Timer_Init  bsp_key.o
    0x18039fbc   0x18039fbc   0x00000064   Code   RO         7031    i.EXTI_Handler      ls_soc_gpio.o
    0x1803a020   0x1803a020   0x00000070   Code   RO         7032    i.GPIO_GetPort      ls_soc_gpio.o
    0x1803a090   0x1803a090   0x000000b8   Code   RO         8380    i.GPTIM_IRQ_Handler_For_LSI_Counting  platform.o
    0x1803a148   0x1803a148   0x0000000a   Code   RO         5858    i.HAL_LSECC_Busy_Set  ls_msp_ecc.o
    0x1803a152   0x1803a152   0x0000000c   Code   RO         1504    i.HAL_LSECC_DeInit  ls_hal_ecc.o
    0x1803a15e   0x1803a15e   0x0000000a   Code   RO         5859    i.HAL_LSECC_Idle_Set  ls_msp_ecc.o
    0x1803a168   0x1803a168   0x0000000c   Code   RO         1505    i.HAL_LSECC_Init    ls_hal_ecc.o
    0x1803a174   0x1803a174   0x0000001c   Code   RO         5860    i.HAL_LSECC_MSP_DeInit  ls_msp_ecc.o
    0x1803a190   0x1803a190   0x00000024   Code   RO         5862    i.HAL_LSECC_MSP_INT_DISABLE  ls_msp_ecc.o
    0x1803a1b4   0x1803a1b4   0x00000024   Code   RO         5863    i.HAL_LSECC_MSP_INT_ENABLE  ls_msp_ecc.o
    0x1803a1d8   0x1803a1d8   0x0000002c   Code   RO         5864    i.HAL_LSECC_MSP_Init  ls_msp_ecc.o
    0x1803a204   0x1803a204   0x00000034   Code   RO         1506    i.HAL_LSECC_PointMult  ls_hal_ecc.o
    0x1803a238   0x1803a238   0x00000002   Code   RO         1507    i.HAL_LSECC_PointMult_Complete_Callback  ls_hal_ecc.o
    0x1803a23a   0x1803a23a   0x00000002   PAD
    0x1803a23c   0x1803a23c   0x00000038   Code   RO         2683    i.HAL_PIS_Config    ls_hal_pis.o
    0x1803a274   0x1803a274   0x0000000a   Code   RO         2685    i.HAL_PIS_Init      ls_hal_pis.o
    0x1803a27e   0x1803a27e   0x00000002   PAD
    0x1803a280   0x1803a280   0x00000020   Code   RO         6172    i.HAL_PIS_MSP_Init  ls_msp_pis.o
    0x1803a2a0   0x1803a2a0   0x0000000e   Code   RO         4009    i.HAL_TRNG_DeInit   ls_hal_trng.o
    0x1803a2ae   0x1803a2ae   0x00000002   PAD
    0x1803a2b0   0x1803a2b0   0x0000003c   Code   RO         4010    i.HAL_TRNG_GenerateRandomNumber  ls_hal_trng.o
    0x1803a2ec   0x1803a2ec   0x0000001c   Code   RO         4012    i.HAL_TRNG_IRQHandler  ls_hal_trng.o
    0x1803a308   0x1803a308   0x00000018   Code   RO         4013    i.HAL_TRNG_Init     ls_hal_trng.o
    0x1803a320   0x1803a320   0x0000000a   Code   RO         6756    i.HAL_TRNG_MSP_Busy_Set  ls_msp_trng.o
    0x1803a32a   0x1803a32a   0x00000002   PAD
    0x1803a32c   0x1803a32c   0x0000003c   Code   RO         6757    i.HAL_TRNG_MSP_DeInit  ls_msp_trng.o
    0x1803a368   0x1803a368   0x0000000a   Code   RO         6758    i.HAL_TRNG_MSP_Idle_Set  ls_msp_trng.o
    0x1803a372   0x1803a372   0x00000002   PAD
    0x1803a374   0x1803a374   0x00000064   Code   RO         6759    i.HAL_TRNG_MSP_Init  ls_msp_trng.o
    0x1803a3d8   0x1803a3d8   0x00000002   Code   RO         4014    i.HAL_TRNG_ReadyDataCallback  ls_hal_trng.o
    0x1803a3da   0x1803a3da   0x00000002   PAD
    0x1803a3dc   0x1803a3dc   0x00000038   Code   RO          296    i.Hardware_Init     system_init.o
    0x1803a414   0x1803a414   0x0000002c   Code   RO          522    i.KeyTimer_CallBack  bsp_key.o
    0x1803a440   0x1803a440   0x00000028   Code   RO          523    i.Key_Down_LongPress_Recover_Handler  bsp_key.o
    0x1803a468   0x1803a468   0x00000020   Code   RO          524    i.Key_Down_Press_Handler  bsp_key.o
    0x1803a488   0x1803a488   0x00000240   Code   RO          525    i.Key_Event_Scan    bsp_key.o
    0x1803a6c8   0x1803a6c8   0x00000090   Code   RO          526    i.Key_Input_Scan    bsp_key.o
    0x1803a758   0x1803a758   0x00000028   Code   RO          527    i.Key_Left_LongPress_Recover_Handler  bsp_key.o
    0x1803a780   0x1803a780   0x00000020   Code   RO          528    i.Key_Left_Press_Handler  bsp_key.o
    0x1803a7a0   0x1803a7a0   0x00000028   Code   RO          529    i.Key_Middle_LongPress_Recover_Handler  bsp_key.o
    0x1803a7c8   0x1803a7c8   0x00000020   Code   RO          530    i.Key_Middle_Press_Handler  bsp_key.o
    0x1803a7e8   0x1803a7e8   0x0000004c   Code   RO          531    i.Key_Output_Scan   bsp_key.o
    0x1803a834   0x1803a834   0x00000028   Code   RO          532    i.Key_Photo_LongPress_Recover_Handler  bsp_key.o
    0x1803a85c   0x1803a85c   0x00000020   Code   RO          533    i.Key_Photo_Press_Handler  bsp_key.o
    0x1803a87c   0x1803a87c   0x00000028   Code   RO          534    i.Key_Right_LongPress_Recover_Handler  bsp_key.o
    0x1803a8a4   0x1803a8a4   0x00000020   Code   RO          535    i.Key_Right_Press_Handler  bsp_key.o
    0x1803a8c4   0x1803a8c4   0x00000028   Code   RO          536    i.Key_Up_LongPress_Recover_Handler  bsp_key.o
    0x1803a8ec   0x1803a8ec   0x00000020   Code   RO          537    i.Key_Up_Press_Handler  bsp_key.o
    0x1803a90c   0x1803a90c   0x000000b8   Code   RO         8894    i.LPWKUP_Handler    sleep.o
    0x1803a9c4   0x1803a9c4   0x00000030   Code   RO         1509    i.LSECC_IRQHandler  ls_hal_ecc.o
    0x1803a9f4   0x1803a9f4   0x00000008   Code   RO         9598    i.SEGGER_RTT_Init   segger_rtt.o
    0x1803a9fc   0x1803a9fc   0x00000064   Code   RO         9600    i.SEGGER_RTT_PutCharSkip  segger_rtt.o
    0x1803aa60   0x1803aa60   0x00000024   Code   RO         9514    i.SVC_Handler_C     svcall.o
    0x1803aa84   0x1803aa84   0x00000002   Code   RO         8381    i.SystemInit        platform.o
    0x1803aa86   0x1803aa86   0x00000002   PAD
    0x1803aa88   0x1803aa88   0x00000070   Code   RO         9620    i._DoInit           segger_rtt.o
    0x1803aaf8   0x1803aaf8   0x00000020   Code   RO        10612    i.__0printf         mc_p.l(printfa.o)
    0x1803ab18   0x1803ab18   0x00000028   Code   RO        10614    i.__0sprintf        mc_p.l(printfa.o)
    0x1803ab40   0x1803ab40   0x00000014   Code   RO        10616    i.__0vprintf        mc_p.l(printfa.o)
    0x1803ab54   0x1803ab54   0x0000002e   Code   RO        10735    i.__ARM_clz         mf_p.l(depilogue.o)
    0x1803ab82   0x1803ab82   0x00000030   Code   RO         8811    i.__ARM_common_ll_mulss  platform.o
    0x1803abb2   0x1803abb2   0x0000001c   Code   RO          404    i.__ARM_common_switch8  bsp_bluetooth.o
    0x1803abce   0x1803abce   0x00000002   PAD
    0x1803abd0   0x1803abd0   0x00000018   Code   RO         8382    i.__NVIC_ClearPendingIRQ  platform.o
    0x1803abe8   0x1803abe8   0x00000020   Code   RO         8383    i.__NVIC_EnableIRQ  platform.o
    0x1803ac08   0x1803ac08   0x00000078   Code   RO         8384    i.__NVIC_SetPriority  platform.o
    0x1803ac80   0x1803ac80   0x000000c2   Code   RO         4369    i.__div64_32        common.o
    0x1803ad42   0x1803ad42   0x00000006   Code   RO         2123    i.__get_PRIMASK     ls_hal_flash_svcall.o
    0x1803ad48   0x1803ad48   0x0000000e   Code   RO        10748    i.__scatterload_copy  mc_p.l(handlers.o)
    0x1803ad56   0x1803ad56   0x00000002   Code   RO        10749    i.__scatterload_null  mc_p.l(handlers.o)
    0x1803ad58   0x1803ad58   0x0000000e   Code   RO        10750    i.__scatterload_zeroinit  mc_p.l(handlers.o)
    0x1803ad66   0x1803ad66   0x00000002   PAD
    0x1803ad68   0x1803ad68   0x00000174   Code   RO        10619    i._fp_digits        mc_p.l(printfa.o)
    0x1803aedc   0x1803aedc   0x0000000e   Code   RO        10706    i._is_digit         mc_p.l(scanf_fp.o)
    0x1803aeea   0x1803aeea   0x00000002   PAD
    0x1803aeec   0x1803aeec   0x000006f0   Code   RO        10620    i._printf_core      mc_p.l(printfa.o)
    0x1803b5dc   0x1803b5dc   0x00000020   Code   RO        10621    i._printf_post_padding  mc_p.l(printfa.o)
    0x1803b5fc   0x1803b5fc   0x0000002c   Code   RO        10622    i._printf_pre_padding  mc_p.l(printfa.o)
    0x1803b628   0x1803b628   0x0000006a   Code   RO         4718    i._settings_get     inflash_settings.o
    0x1803b692   0x1803b692   0x0000000a   Code   RO        10624    i._sputc            mc_p.l(printfa.o)
    0x1803b69c   0x1803b69c   0x0000001e   Code   RO         5024    i.all_section_empty  tinyfs.o
    0x1803b6ba   0x1803b6ba   0x00000002   PAD
    0x1803b6bc   0x1803b6bc   0x00000048   Code   RO         8389    i.analog_init       platform.o
    0x1803b704   0x1803b704   0x0000000c   Code   RO         9351    i.app_event_status_busy  sys_stat.o
    0x1803b710   0x1803b710   0x0000000a   Code   RO         8392    i.arm_cm_set_int_isr  platform.o
    0x1803b71a   0x1803b71a   0x00000002   Code   RO         8393    i.bb_mem_clr        platform.o
    0x1803b71c   0x1803b71c   0x0000001c   Code   RO         8895    i.ble_hclk_set      sleep.o
    0x1803b738   0x1803b738   0x00000010   Code   RO         8394    i.ble_irq_clr       platform.o
    0x1803b748   0x1803b748   0x0000000c   Code   RO         8395    i.ble_irq_clr_and_enable  platform.o
    0x1803b754   0x1803b754   0x00000010   Code   RO         8396    i.ble_irq_enable    platform.o
    0x1803b764   0x1803b764   0x00000014   Code   RO         8398    i.ble_loop          platform.o
    0x1803b778   0x1803b778   0x000000c8   Code   RO         8896    i.ble_radio_en_sync  sleep.o
    0x1803b840   0x1803b840   0x00000008   Code   RO         8400    i.ble_stack_isr     platform.o
    0x1803b848   0x1803b848   0x0000000c   Code   RO         8898    i.ble_wkup_status_get  sleep.o
    0x1803b854   0x1803b854   0x0000000c   Code   RO         8899    i.ble_wkup_status_set  sleep.o
    0x1803b860   0x1803b860   0x00000040   Code   RO         5586    i.calc_acc_init     calc_acc.o
    0x1803b8a0   0x1803b8a0   0x00000040   Code   RO          901    i.calc_div          calc_div.o
    0x1803b8e0   0x1803b8e0   0x00000014   Code   RO         1510    i.calc_done_wait    ls_hal_ecc.o
    0x1803b8f4   0x1803b8f4   0x0000007c   Code   RO         1511    i.calc_fsm_run      ls_hal_ecc.o
    0x1803b970   0x1803b970   0x00000070   Code   RO         1512    i.calc_init         ls_hal_ecc.o
    0x1803b9e0   0x1803b9e0   0x00000010   Code   RO         8900    i.check_and_sleep   sleep.o
    0x1803b9f0   0x1803b9f0   0x00000014   Code   RO         8901    i.clr_ble_wkup_req  sleep.o
    0x1803ba04   0x1803ba04   0x0000000e   Code   RO          345    i.co_min            bsp_bluetooth.o
    0x1803ba12   0x1803ba12   0x00000012   Code   RO         8404    i.config_word_get   platform.o
    0x1803ba24   0x1803ba24   0x00000020   Code   RO         1513    i.copy_from_eccram  ls_hal_ecc.o
    0x1803ba44   0x1803ba44   0x0000001c   Code   RO         8405    i.cpu_sleep_recover_init  platform.o
    0x1803ba60   0x1803ba60   0x00000024   Code   RO         4532    i.crc16_lookup      crc16.o
    0x1803ba84   0x1803ba84   0x0000001c   Code   RO         4533    i.crc16ccitt        crc16.o
    0x1803baa0   0x1803baa0   0x0000001c   Code   RO         5025    i.data_write_through  tinyfs.o
    0x1803babc   0x1803babc   0x00000010   Code   RO         1514    i.dblu              ls_hal_ecc.o
    0x1803bacc   0x1803bacc   0x00000002   Code   RO         8902    i.dcdc_off          sleep.o
    0x1803bace   0x1803bace   0x00000002   PAD
    0x1803bad0   0x1803bad0   0x00000044   Code   RO         8903    i.deep_sleep        sleep.o
    0x1803bb14   0x1803bb14   0x000000e8   Code   RO         5026    i.dir_add_parse     tinyfs.o
    0x1803bbfc   0x1803bbfc   0x00000048   Code   RO         5027    i.dir_add_write     tinyfs.o
    0x1803bc44   0x1803bc44   0x00000024   Code   RO         5028    i.dir_compare       tinyfs.o
    0x1803bc68   0x1803bc68   0x00000084   Code   RO         5029    i.dir_remove_parse  tinyfs.o
    0x1803bcec   0x1803bcec   0x00000034   Code   RO         5030    i.dir_remove_write  tinyfs.o
    0x1803bd20   0x1803bd20   0x00000030   Code   RO         5031    i.dir_tree_build    tinyfs.o
    0x1803bd50   0x1803bd50   0x000000b0   Code   RO         5032    i.dir_tree_link     tinyfs.o
    0x1803be00   0x1803be00   0x00000010   Code   RO         1680    i.do_hal_flash_chip_erase  ls_hal_flash.o
    0x1803be10   0x1803be10   0x00000028   Code   RO         1681    i.do_hal_flash_erase  ls_hal_flash.o
    0x1803be38   0x1803be38   0x00000024   Code   RO         1682    i.do_hal_flash_erase_security_area  ls_hal_flash.o
    0x1803be5c   0x1803be5c   0x00000090   Code   RO         1943    i.do_hal_flash_program  ls_hal_flash_qspi.o
    0x1803beec   0x1803beec   0x00000084   Code   RO         1944    i.do_hal_flash_program_security_area  ls_hal_flash_qspi.o
    0x1803bf70   0x1803bf70   0x00000014   Code   RO         1683    i.do_hal_flash_read  ls_hal_flash.o
    0x1803bf84   0x1803bf84   0x00000014   Code   RO         1684    i.do_hal_flash_read_reg  ls_hal_flash.o
    0x1803bf98   0x1803bf98   0x0000008c   Code   RO         1945    i.do_hal_flash_read_security_area  ls_hal_flash_qspi.o
    0x1803c024   0x1803c024   0x00000028   Code   RO         5033    i.do_tinyfs_del_record  tinyfs.o
    0x1803c04c   0x1803c04c   0x00000048   Code   RO         5034    i.do_tinyfs_read    tinyfs.o
    0x1803c094   0x1803c094   0x000000ac   Code   RO         5036    i.do_tinyfs_write   tinyfs.o
    0x1803c140   0x1803c140   0x00000004   Code   RO         9116    i.dummy             stack_var.o
    0x1803c144   0x1803c144   0x00000038   Code   RO         8406    i.ecc_calc_start    platform.o
    0x1803c17c   0x1803c17c   0x0000000c   Code   RO         9356    i.ecc_status_set    sys_stat.o
    0x1803c188   0x1803c188   0x00000050   Code   RO         8904    i.exti_int_pending  sleep.o
    0x1803c1d8   0x1803c1d8   0x00000028   Code   RO         7033    i.exti_io_handler   ls_soc_gpio.o
    0x1803c200   0x1803c200   0x00000066   Code   RO         5037    i.find_head_tail_section  tinyfs.o
    0x1803c266   0x1803c266   0x0000000a   Code   RO         8407    i.flash_data_storage_base_offset  platform.o
    0x1803c270   0x1803c270   0x00000012   Code   RO         4555    i.fputc             log.o
    0x1803c282   0x1803c282   0x00000002   PAD
    0x1803c284   0x1803c284   0x00000054   Code   RO        10640    i.free              mc_p.l(malloc.o)
    0x1803c2d8   0x1803c2d8   0x00000074   Code   RO         5038    i.garbage_collect_try  tinyfs.o
    0x1803c34c   0x1803c34c   0x0000001c   Code   RO         5039    i.gc_section_find   tinyfs.o
    0x1803c368   0x1803c368   0x00000052   Code   RO         4772    i.general_fifo_get  fifo.o
    0x1803c3ba   0x1803c3ba   0x00000052   Code   RO         4773    i.general_fifo_put  fifo.o
    0x1803c40c   0x1803c40c   0x00000034   Code   RO         5040    i.get_child_dir_by_name  tinyfs.o
    0x1803c440   0x1803c440   0x00000004   Code   RO         8905    i.get_deep_sleep_enable  sleep.o
    0x1803c444   0x1803c444   0x00000064   Code   RO         5041    i.get_first_valid_section  tinyfs.o
    0x1803c4a8   0x1803c4a8   0x00000034   Code   RO         8410    i.get_flash_process  platform.o
    0x1803c4dc   0x1803c4dc   0x00000012   Code   RO         5042    i.get_next_section  tinyfs.o
    0x1803c4ee   0x1803c4ee   0x00000034   Code   RO         5043    i.get_next_valid_section  tinyfs.o
    0x1803c522   0x1803c522   0x00000002   PAD
    0x1803c524   0x1803c524   0x00000024   Code   RO         4642    i.get_ota_boot_addr_info  ota_settings.o
    0x1803c548   0x1803c548   0x0000000c   Code   RO         8412    i.get_ota_settings_offset  platform.o
    0x1803c554   0x1803c554   0x00000008   Code   RO         9118    i.get_peer_id_buf   stack_var.o
    0x1803c55c   0x1803c55c   0x00000010   Code   RO         5046    i.get_prev_section  tinyfs.o
    0x1803c56c   0x1803c56c   0x0000004c   Code   RO         5047    i.get_record_by_name  tinyfs.o
    0x1803c5b8   0x1803c5b8   0x00000014   Code   RO         8414    i.get_trng_value    platform.o
    0x1803c5cc   0x1803c5cc   0x0000000c   Code   RO         9358    i.gptimerb1_status_set  sys_stat.o
    0x1803c5d8   0x1803c5d8   0x0000001c   Code   RO         1515    i.h_in              ls_hal_ecc.o
    0x1803c5f4   0x1803c5f4   0x00000002   Code   RO         1946    i.hal_flash_dual_io_read  ls_hal_flash_qspi.o
    0x1803c5f6   0x1803c5f6   0x00000016   Code   RO         1687    i.hal_flash_dual_page_program  ls_hal_flash.o
    0x1803c60c   0x1803c60c   0x00000024   Code   RO         2125    i.hal_flash_erase_operation  ls_hal_flash_svcall.o
    0x1803c630   0x1803c630   0x00000028   Code   RO         1690    i.hal_flash_multi_io_page_program  ls_hal_flash.o
    0x1803c658   0x1803c658   0x00000028   Code   RO         1691    i.hal_flash_multi_io_read  ls_hal_flash.o
    0x1803c680   0x1803c680   0x0000000e   Code   RO         1692    i.hal_flash_page_erase  ls_hal_flash.o
    0x1803c68e   0x1803c68e   0x00000030   Code   RO         2127    i.hal_flash_program_operation  ls_hal_flash_svcall.o
    0x1803c6be   0x1803c6be   0x0000007c   Code   RO         1947    i.hal_flash_quad_io_read  ls_hal_flash_qspi.o
    0x1803c73a   0x1803c73a   0x00000016   Code   RO         1695    i.hal_flash_quad_page_program  ls_hal_flash.o
    0x1803c750   0x1803c750   0x0000007e   Code   RO         1948    i.hal_flash_read_24bit_addr_8bit_dummy  ls_hal_flash_qspi.o
    0x1803c7ce   0x1803c7ce   0x00000016   Code   RO         1696    i.hal_flash_read_id  ls_hal_flash.o
    0x1803c7e4   0x1803c7e4   0x0000001e   Code   RO         2129    i.hal_flash_read_operation  ls_hal_flash_svcall.o
    0x1803c802   0x1803c802   0x0000001e   Code   RO         2130    i.hal_flash_read_reg_operation  ls_hal_flash_svcall.o
    0x1803c820   0x1803c820   0x00000018   Code   RO         1697    i.hal_flash_read_security_area  ls_hal_flash.o
    0x1803c838   0x1803c838   0x00000030   Code   RO         2131    i.hal_flash_read_security_area_operation  ls_hal_flash_svcall.o
    0x1803c868   0x1803c868   0x00000016   Code   RO         1698    i.hal_flash_read_sfdp  ls_hal_flash.o
    0x1803c87e   0x1803c87e   0x0000000e   Code   RO         1699    i.hal_flash_sector_erase  ls_hal_flash.o
    0x1803c88c   0x1803c88c   0x00000012   Code   RO         1700    i.hal_flash_total_size_get  ls_hal_flash.o
    0x1803c89e   0x1803c89e   0x0000002a   Code   RO         8416    i.idiv_acc          platform.o
    0x1803c8c8   0x1803c8c8   0x00000024   Code   RO         5050    i.if_dir_exist      tinyfs.o
    0x1803c8ec   0x1803c8ec   0x000000a8   Code   RO         5051    i.insert_check      tinyfs.o
    0x1803c994   0x1803c994   0x0000001c   Code   RO         4719    i.invalid_flag_write  inflash_settings.o
    0x1803c9b0   0x1803c9b0   0x00000050   Code   RO         1516    i.inversion         ls_hal_ecc.o
    0x1803ca00   0x1803ca00   0x00000054   Code   RO         1517    i.inversion_calc    ls_hal_ecc.o
    0x1803ca54   0x1803ca54   0x0000002a   Code   RO         4720    i.inversion_data_check  inflash_settings.o
    0x1803ca7e   0x1803ca7e   0x00000050   Code   RO         4721    i.inversion_data_write  inflash_settings.o
    0x1803cace   0x1803cace   0x00000030   Code   RO         7047    i.io_cfg_input      ls_soc_gpio.o
    0x1803cafe   0x1803cafe   0x00000020   Code   RO         7049    i.io_cfg_output     ls_soc_gpio.o
    0x1803cb1e   0x1803cb1e   0x0000001e   Code   RO         7051    i.io_clr_pin        ls_soc_gpio.o
    0x1803cb3c   0x1803cb3c   0x00000002   Code   RO         7054    i.io_exti_callback  ls_soc_gpio.o
    0x1803cb3e   0x1803cb3e   0x00000002   PAD
    0x1803cb40   0x1803cb40   0x00000070   Code   RO         7057    i.io_init           ls_soc_gpio.o
    0x1803cbb0   0x1803cbb0   0x0000002e   Code   RO         7059    i.io_pull_write     ls_soc_gpio.o
    0x1803cbde   0x1803cbde   0x00000020   Code   RO         7060    i.io_read_pin       ls_soc_gpio.o
    0x1803cbfe   0x1803cbfe   0x0000001c   Code   RO         7061    i.io_set_pin        ls_soc_gpio.o
    0x1803cc1a   0x1803cc1a   0x0000003e   Code   RO         7062    i.io_toggle_pin     ls_soc_gpio.o
    0x1803cc58   0x1803cc58   0x00000084   Code   RO         7063    i.io_wkup_en_clr_set  ls_soc_gpio.o
    0x1803ccdc   0x1803ccdc   0x0000001a   Code   RO         7064    i.io_write_pin      ls_soc_gpio.o
    0x1803ccf6   0x1803ccf6   0x0000000c   Code   RO         8417    i.irq_init          platform.o
    0x1803cd02   0x1803cd02   0x00000002   PAD
    0x1803cd04   0x1803cd04   0x00000078   Code   RO         8418    i.irq_priority      platform.o
    0x1803cd7c   0x1803cd7c   0x00000018   Code   RO         8419    i.irq_reinit        platform.o
    0x1803cd94   0x1803cd94   0x00000030   Code   RO         4837    i.linked_buf_alloc  linked_buffer.o
    0x1803cdc4   0x1803cdc4   0x0000005e   Code   RO         4839    i.linked_buf_contain_element  linked_buffer.o
    0x1803ce22   0x1803ce22   0x0000000c   Code   RO         4842    i.linked_buf_get_elem_by_idx  linked_buffer.o
    0x1803ce2e   0x1803ce2e   0x00000002   PAD
    0x1803ce30   0x1803ce30   0x00000088   Code   RO         4843    i.linked_buf_get_elem_idx  linked_buffer.o
    0x1803ceb8   0x1803ceb8   0x00000058   Code   RO         4844    i.linked_buf_get_ref_cnt_by_idx  linked_buffer.o
    0x1803cf10   0x1803cf10   0x00000034   Code   RO         4845    i.linked_buf_hdl_sanity_check  linked_buffer.o
    0x1803cf44   0x1803cf44   0x00000048   Code   RO         4846    i.linked_buf_init   linked_buffer.o
    0x1803cf8c   0x1803cf8c   0x000000d4   Code   RO         4848    i.linked_buf_release  linked_buffer.o
    0x1803d060   0x1803d060   0x0000006c   Code   RO         4556    i.log_hex_output    log.o
    0x1803d0cc   0x1803d0cc   0x00000030   Code   RO         4557    i.log_output        log.o
    0x1803d0fc   0x1803d0fc   0x00000038   Code   RO         8421    i.lpcycles_to_hus   platform.o
    0x1803d134   0x1803d134   0x0000004c   Code   RO         4615    i.ls_assert         ls_dbg.o
    0x1803d180   0x1803d180   0x00000024   Code   RO         4558    i.ls_log_init       log.o
    0x1803d1a4   0x1803d1a4   0x00000002   Code   RO         8422    i.lse_init          platform.o
    0x1803d1a6   0x1803d1a6   0x00000002   PAD
    0x1803d1a8   0x1803d1a8   0x00000070   Code   RO         8423    i.lsi_calib         platform.o
    0x1803d218   0x1803d218   0x0000000a   Code   RO         8424    i.lsi_counting_timer_callback  platform.o
    0x1803d222   0x1803d222   0x00000002   PAD
    0x1803d224   0x1803d224   0x00000018   Code   RO         8425    i.lsi_counting_timer_create  platform.o
    0x1803d23c   0x1803d23c   0x0000001c   Code   RO         8426    i.lsi_counting_timer_start  platform.o
    0x1803d258   0x1803d258   0x00000084   Code   RO         8427    i.lsi_freq_update_and_hs_to_lpcycles  platform.o
    0x1803d2dc   0x1803d2dc   0x0000001c   Code   RO         8429    i.lvd33_disable     platform.o
    0x1803d2f8   0x1803d2f8   0x0000001c   Code   RO         8430    i.lvd33_enable      platform.o
    0x1803d314   0x1803d314   0x00000010   Code   RO         8431    i.lvd33_irq_enable  platform.o
    0x1803d324   0x1803d324   0x0000003c   Code   RO         8907    i.lvl2_lvl3_io_retention  sleep.o
    0x1803d360   0x1803d360   0x0000008c   Code   RO         8908    i.lvl2_lvl3_mode_prepare  sleep.o
    0x1803d3ec   0x1803d3ec   0x00000054   Code   RO         8432    i.mac_init          platform.o
    0x1803d440   0x1803d440   0x00000014   Code   RO            4    i.main              main.o
    0x1803d454   0x1803d454   0x00000040   Code   RO         9123    i.main_task_app_init  stack_var.o
    0x1803d494   0x1803d494   0x0000006c   Code   RO        10641    i.malloc            mc_p.l(malloc.o)
    0x1803d500   0x1803d500   0x00000012   Code   RO         4371    i.memcpy32          common.o
    0x1803d512   0x1803d512   0x00000002   PAD
    0x1803d514   0x1803d514   0x00000018   Code   RO         8074    i.modem_reg_init    modem_rf_le501x.o
    0x1803d52c   0x1803d52c   0x0000003c   Code   RO         8075    i.modem_rf_init     modem_rf_le501x.o
    0x1803d568   0x1803d568   0x00000010   Code   RO         8076    i.modem_rf_reinit   modem_rf_le501x.o
    0x1803d578   0x1803d578   0x00000094   Code   RO         8434    i.module_init       platform.o
    0x1803d60c   0x1803d60c   0x00000040   Code   RO         1518    i.mont2rslt         ls_hal_ecc.o
    0x1803d64c   0x1803d64c   0x00000020   Code   RO         1519    i.mont_in           ls_hal_ecc.o
    0x1803d66c   0x1803d66c   0x00000020   Code   RO         1520    i.mont_in_data      ls_hal_ecc.o
    0x1803d68c   0x1803d68c   0x00000020   Code   RO         1521    i.mont_out          ls_hal_ecc.o
    0x1803d6ac   0x1803d6ac   0x00000010   Code   RO         5052    i.node_alloc        tinyfs.o
    0x1803d6bc   0x1803d6bc   0x0000008c   Code   RO         5053    i.node_copy         tinyfs.o
    0x1803d748   0x1803d748   0x000000c0   Code   RO         5054    i.node_crc_check    tinyfs.o
    0x1803d808   0x1803d808   0x00000058   Code   RO         5055    i.node_data_read    tinyfs.o
    0x1803d860   0x1803d860   0x00000058   Code   RO         5056    i.node_del          tinyfs.o
    0x1803d8b8   0x1803d8b8   0x00000014   Code   RO         5058    i.node_free         tinyfs.o
    0x1803d8cc   0x1803d8cc   0x00000020   Code   RO         5059    i.node_idx          tinyfs.o
    0x1803d8ec   0x1803d8ec   0x00000024   Code   RO         5060    i.node_list_copy    tinyfs.o
    0x1803d910   0x1803d910   0x0000000a   Code   RO         5061    i.node_list_init    tinyfs.o
    0x1803d91a   0x1803d91a   0x00000002   PAD
    0x1803d91c   0x1803d91c   0x0000003c   Code   RO         5062    i.node_list_search  tinyfs.o
    0x1803d958   0x1803d958   0x0000002e   Code   RO         5063    i.node_metadata_read  tinyfs.o
    0x1803d986   0x1803d986   0x00000038   Code   RO         5064    i.node_parent_fix   tinyfs.o
    0x1803d9be   0x1803d9be   0x00000002   PAD
    0x1803d9c0   0x1803d9c0   0x00000020   Code   RO         5065    i.node_ptr          tinyfs.o
    0x1803d9e0   0x1803d9e0   0x00000040   Code   RO         5066    i.node_search       tinyfs.o
    0x1803da20   0x1803da20   0x00000044   Code   RO         5067    i.node_sibling_fix  tinyfs.o
    0x1803da64   0x1803da64   0x00000014   Code   RO         5068    i.node_total_length  tinyfs.o
    0x1803da78   0x1803da78   0x000001b8   Code   RO         5069    i.node_write        tinyfs.o
    0x1803dc30   0x1803dc30   0x000000f8   Code   RO         5070    i.nodes_info_load   tinyfs.o
    0x1803dd28   0x1803dd28   0x00000020   Code   RO         4722    i.not_programmed    inflash_settings.o
    0x1803dd48   0x1803dd48   0x0000008c   Code   RO         5071    i.nvm_page_empty    tinyfs.o
    0x1803ddd4   0x1803ddd4   0x00000074   Code   RO         5072    i.nvm_read_node     tinyfs.o
    0x1803de48   0x1803de48   0x00000074   Code   RO         1522    i.orig2mont         ls_hal_ecc.o
    0x1803debc   0x1803debc   0x00000014   Code   RO         4646    i.ota_boot_addr_set  ota_settings.o
    0x1803ded0   0x1803ded0   0x00000018   Code   RO         1523    i.p_in              ls_hal_ecc.o
    0x1803dee8   0x1803dee8   0x00000028   Code   RO         9363    i.peri_status_busy  sys_stat.o
    0x1803df10   0x1803df10   0x00000030   Code   RO         8435    i.platform_reset    platform.o
    0x1803df40   0x1803df40   0x0000000c   Code   RO         8436    i.plf_get_reset_error  platform.o
    0x1803df4c   0x1803df4c   0x00000054   Code   RO         8077    i.pll_cal_testreg_deinit  modem_rf_le501x.o
    0x1803dfa0   0x1803dfa0   0x00000060   Code   RO         8078    i.pll_cal_testreg_init  modem_rf_le501x.o
    0x1803e000   0x1803e000   0x00000070   Code   RO         5073    i.print_indent      tinyfs.o
    0x1803e070   0x1803e070   0x00000008   Code   RO        10352    i.putc              mc_p.l(putc.o)
    0x1803e078   0x1803e078   0x00000030   Code   RO         4374    i.rand_gen_by_word  common.o
    0x1803e0a8   0x1803e0a8   0x0000005c   Code   RO         8437    i.rco_freq_counting_init  platform.o
    0x1803e104   0x1803e104   0x000000e4   Code   RO         8438    i.rco_freq_counting_start  platform.o
    0x1803e1e8   0x1803e1e8   0x000000dc   Code   RO         5074    i.record_add_parse  tinyfs.o
    0x1803e2c4   0x1803e2c4   0x00000048   Code   RO         5075    i.record_add_write  tinyfs.o
    0x1803e30c   0x1803e30c   0x00000034   Code   RO         5076    i.record_compare    tinyfs.o
    0x1803e340   0x1803e340   0x00000074   Code   RO         5077    i.record_data_copy  tinyfs.o
    0x1803e3b4   0x1803e3b4   0x0000003c   Code   RO         5078    i.record_data_write  tinyfs.o
    0x1803e3f0   0x1803e3f0   0x00000090   Code   RO         5079    i.record_remove_parse  tinyfs.o
    0x1803e480   0x1803e480   0x0000003c   Code   RO         5080    i.record_remove_write  tinyfs.o
    0x1803e4bc   0x1803e4bc   0x00000054   Code   RO         5081    i.record_write      tinyfs.o
    0x1803e510   0x1803e510   0x00000024   Code   RO         1524    i.result2buffer     ls_hal_ecc.o
    0x1803e534   0x1803e534   0x00000002   Code   RO         8079    i.rf_force_agc_enable  modem_rf_le501x.o
    0x1803e536   0x1803e536   0x00000002   PAD
    0x1803e538   0x1803e538   0x000000c0   Code   RO         8080    i.rf_reg_config     modem_rf_le501x.o
    0x1803e5f8   0x1803e5f8   0x00000194   Code   RO         8081    i.rf_reg_init       modem_rf_le501x.o
    0x1803e78c   0x1803e78c   0x00000040   Code   RO         8082    i.rf_reg_retention  modem_rf_le501x.o
    0x1803e7cc   0x1803e7cc   0x00000002   Code   RO         8083    i.rf_reset          modem_rf_le501x.o
    0x1803e7ce   0x1803e7ce   0x00000002   PAD
    0x1803e7d0   0x1803e7d0   0x0000003c   Code   RO         8084    i.rf_rssi_convert   modem_rf_le501x.o
    0x1803e80c   0x1803e80c   0x00000006   Code   RO         8086    i.rf_txpwr_cs_get   modem_rf_le501x.o
    0x1803e812   0x1803e812   0x00000002   PAD
    0x1803e814   0x1803e814   0x0000000c   Code   RO         8087    i.rf_txpwr_dbm_get  modem_rf_le501x.o
    0x1803e820   0x1803e820   0x0000001c   Code   RO         5082    i.root_dir_init     tinyfs.o
    0x1803e83c   0x1803e83c   0x00000002   Code   RO         2817    i.rtc_wkup_callback  ls_hal_rtc.o
    0x1803e83e   0x1803e83e   0x00000004   Code   RO         8088    i.rx_txpwr_max_get  modem_rf_le501x.o
    0x1803e842   0x1803e842   0x00000004   Code   RO         8089    i.rx_txpwr_min_get  modem_rf_le501x.o
    0x1803e846   0x1803e846   0x00000002   PAD
    0x1803e848   0x1803e848   0x00000018   Code   RO         5083    i.section_copy      tinyfs.o
    0x1803e860   0x1803e860   0x00000028   Code   RO         5084    i.section_garbage_collection  tinyfs.o
    0x1803e888   0x1803e888   0x0000003c   Code   RO         5085    i.section_head_read  tinyfs.o
    0x1803e8c4   0x1803e8c4   0x0000005c   Code   RO         5086    i.section_head_read_all  tinyfs.o
    0x1803e920   0x1803e920   0x00000038   Code   RO         5087    i.section_head_write  tinyfs.o
    0x1803e958   0x1803e958   0x00000034   Code   RO         5088    i.section_offset_calc  tinyfs.o
    0x1803e98c   0x1803e98c   0x0000008c   Code   RO         4725    i.settings_set      inflash_settings.o
    0x1803ea18   0x1803ea18   0x00000034   Code   RO         5089    i.sibling_sort      tinyfs.o
    0x1803ea4c   0x1803ea4c   0x00000036   Code   RO         8910    i.sleep_process     sleep.o
    0x1803ea82   0x1803ea82   0x00000002   PAD
    0x1803ea84   0x1803ea84   0x00000040   Code   RO         5090    i.sorted_list_insert  tinyfs.o
    0x1803eac4   0x1803eac4   0x0000005c   Code   RO         4616    i.stack_assert_c    ls_dbg.o
    0x1803eb20   0x1803eb20   0x0000002c   Code   RO         8440    i.stack_data_bss_init  platform.o
    0x1803eb4c   0x1803eb4c   0x000000fc   Code   RO         9126    i.stack_var_ptr_init  stack_var.o
    0x1803ec48   0x1803ec48   0x00000012   Code   RO         4775    i.sw_fifo_empty     fifo.o
    0x1803ec5a   0x1803ec5a   0x00000020   Code   RO         4777    i.sw_fifo_full      fifo.o
    0x1803ec7a   0x1803ec7a   0x00000010   Code   RO         4778    i.sw_fifo_init      fifo.o
    0x1803ec8a   0x1803ec8a   0x00000014   Code   RO         8442    i.sys_init_app      platform.o
    0x1803ec9e   0x1803ec9e   0x00000002   PAD
    0x1803eca0   0x1803eca0   0x00000024   Code   RO         9553    i.systick_start     systick.o
    0x1803ecc4   0x1803ecc4   0x00000018   Code   RO         9554    i.systick_stop      systick.o
    0x1803ecdc   0x1803ecdc   0x0000005c   Code   RO         5092    i.tinyfs_del_record  tinyfs.o
    0x1803ed38   0x1803ed38   0x000000f8   Code   RO         5100    i.tinyfs_init       tinyfs.o
    0x1803ee30   0x1803ee30   0x00000088   Code   RO         5101    i.tinyfs_list_del   tinyfs.o
    0x1803eeb8   0x1803eeb8   0x00000028   Code   RO         5102    i.tinyfs_list_init  tinyfs.o
    0x1803eee0   0x1803eee0   0x00000044   Code   RO         5103    i.tinyfs_list_push  tinyfs.o
    0x1803ef24   0x1803ef24   0x00000108   Code   RO         5104    i.tinyfs_mkdir      tinyfs.o
    0x1803f02c   0x1803f02c   0x00000002   Code   RO         5105    i.tinyfs_mutex_create  tinyfs.o
    0x1803f02e   0x1803f02e   0x00000002   Code   RO         5106    i.tinyfs_mutex_lock  tinyfs.o
    0x1803f030   0x1803f030   0x00000002   Code   RO         5107    i.tinyfs_mutex_unlock  tinyfs.o
    0x1803f032   0x1803f032   0x00000002   PAD
    0x1803f034   0x1803f034   0x0000007c   Code   RO         5560    i.tinyfs_nvm_program  tinyfs_write_cache.o
    0x1803f0b0   0x1803f0b0   0x00000078   Code   RO         5561    i.tinyfs_nvm_read_with_cache  tinyfs_write_cache.o
    0x1803f128   0x1803f128   0x0000004c   Code   RO         5562    i.tinyfs_nvm_write_through  tinyfs_write_cache.o
    0x1803f174   0x1803f174   0x0000006c   Code   RO         5108    i.tinyfs_print_dir_tree  tinyfs.o
    0x1803f1e0   0x1803f1e0   0x00000064   Code   RO         5109    i.tinyfs_read       tinyfs.o
    0x1803f244   0x1803f244   0x00000034   Code   RO         5110    i.tinyfs_record_exist  tinyfs.o
    0x1803f278   0x1803f278   0x00000034   Code   RO         5112    i.tinyfs_section_erase  tinyfs.o
    0x1803f2ac   0x1803f2ac   0x00000098   Code   RO         5113    i.tinyfs_write      tinyfs.o
    0x1803f344   0x1803f344   0x00000050   Code   RO         5114    i.tinyfs_write_through  tinyfs.o
    0x1803f394   0x1803f394   0x00000110   Code   RO         5115    i.traverse_tree     tinyfs.o
    0x1803f4a4   0x1803f4a4   0x0000000c   Code   RO         9366    i.trng_status_set   sys_stat.o
    0x1803f4b0   0x1803f4b0   0x0000016c   Code   RO         8092    i.tx_pwr_config     modem_rf_le501x.o
    0x1803f61c   0x1803f61c   0x00000002   Code   RO         4559    i.uart_log_pause    log.o
    0x1803f61e   0x1803f61e   0x00000002   Code   RO         4560    i.uart_log_resume   log.o
    0x1803f620   0x1803f620   0x0000001c   Code   RO         8446    i.us_to_lpcycles    platform.o
    0x1803f63c   0x1803f63c   0x00000048   Code   RO          742    i.vSysTimerEvent_LowPowerMode_Handler  bsp_systimer.o
    0x1803f684   0x1803f684   0x00000024   Code   RO          743    i.vSysTimerEvent_SerialPort_SendData_Handler  bsp_systimer.o
    0x1803f6a8   0x1803f6a8   0x00000064   Code   RO          744    i.vSysTimerEvent_SoftwareReset_Handler  bsp_systimer.o
    0x1803f70c   0x1803f70c   0x00000020   Code   RO         5116    i.valid_data_in_section  tinyfs.o
    0x1803f72c   0x1803f72c   0x00000018   Code   RO         8447    i.var_init          platform.o
    0x1803f744   0x1803f744   0x00000014   Code   RO         8911    i.wkup_ble          sleep.o
    0x1803f758   0x1803f758   0x00000018   Code   RO         1525    i.zacau_calc        ls_hal_ecc.o
    0x1803f770   0x1803f770   0x000000ac   Code   RO         1526    i.zacau_loop        ls_hal_ecc.o
    0x1803f81c   0x1803f81c   0x00000020   Code   RO         1527    i.zaddc_calc        ls_hal_ecc.o
    0x1803f83c   0x1803f83c   0x00000050   Code   RO         1528    i.zaddu             ls_hal_ecc.o
    0x1803f88c   0x1803f88c   0x0000001c   Code   RO         1529    i.zaddu_calc        ls_hal_ecc.o
    0x1803f8a8   0x1803f8a8   0x0000007c   Data   RO          347    .constdata          bsp_bluetooth.o
    0x1803f924   0x1803f924   0x0000012c   Data   RO         1531    .constdata          ls_hal_ecc.o
    0x1803fa50   0x1803fa50   0x00000200   Data   RO         4534    .constdata          crc16.o
    0x1803fc50   0x1803fc50   0x00000011   Data   RO         4561    .constdata          log.o
    0x1803fc61   0x1803fc61   0x00000003   PAD
    0x1803fc64   0x1803fc64   0x00000018   Data   RO         4653    .constdata          ota_settings.o
    0x1803fc7c   0x1803fc7c   0x00000014   Data   RO         5118    .constdata          tinyfs.o
    0x1803fc90   0x1803fc90   0x0000000c   Data   RO         5548    .constdata          tinyfs_nvm.o
    0x1803fc9c   0x1803fc9c   0x00000008   Data   RO         8093    .constdata          modem_rf_le501x.o
    0x1803fca4   0x1803fca4   0x00000002   Data   RO         8912    .constdata          sleep.o
    0x1803fca6   0x1803fca6   0x00000002   PAD
    0x1803fca8   0x1803fca8   0x00000020   Data   RO         9515    .constdata          svcall.o
    0x1803fcc8   0x1803fcc8   0x00000040   Data   RO        10742    .constdata          mc_p.l(ctype_c.o)
    0x1803fd08   0x1803fd08   0x0000004d   Data   RO          674    .conststring        bsp_uart.o
    0x1803fd55   0x1803fd55   0x00000003   Data   RO        10247    .rodata.CSWTCH.24   libfw.o
    0x1803fd58   0x1803fd58   0x00000004   Data   RO        10258    .rodata.CSWTCH.46   libfw.o
    0x1803fd5c   0x1803fd5c   0x00000003   Data   RO        10259    .rodata.CSWTCH.58   libfw.o
    0x1803fd5f   0x1803fd5f   0x00000004   Data   RO        10260    .rodata.CSWTCH.62   libfw.o
    0x1803fd63   0x1803fd63   0x00000001   PAD
    0x1803fd64   0x1803fd64   0x0000000c   Data   RO        10239    .rodata.TASK_DESC_APP  libfw.o
    0x1803fd70   0x1803fd70   0x0000000c   Data   RO        10235    .rodata.TASK_DESC_BUILTIN  libfw.o
    0x1803fd7c   0x1803fd7c   0x0000002a   Data   RO        10238    .rodata.app_msg_handler.str1.1  libfw.o
    0x1803fda6   0x1803fda6   0x00000002   PAD
    0x1803fda8   0x1803fda8   0x00000008   Data   RO        10240    .rodata.app_msg_handler_tab  libfw.o
    0x1803fdb0   0x1803fdb0   0x00000035   Data   RO        10251    .rodata.ble_storage_alloc_peer_id.str1.1  libfw.o
    0x1803fde5   0x1803fde5   0x00000003   PAD
    0x1803fde8   0x1803fde8   0x00000010   Data   RO        10236    .rodata.builtin_msg_handler_tab  libfw.o
    0x1803fdf8   0x1803fdf8   0x00000002   Data   RO        10256    .rodata.dev_manager_gapm_activity_stopped_ind_handler.str1.1  libfw.o
    0x1803fdfa   0x1803fdfa   0x0000001b   Data   RO        10255    .rodata.dev_manager_gapm_reset_cmp.str1.1  libfw.o
    0x1803fe15   0x1803fe15   0x0000002b   Data   RO        10254    .rodata.dev_manager_stack_init.str1.1  libfw.o
    0x1803fe40   0x1803fe40   0x00000078   Data   RO        10244    .rodata.gap_manager_gapc_bond_ind_handler.str1.1  libfw.o
    0x1803feb8   0x1803feb8   0x00000018   Data   RO        10246    .rodata.gap_manager_gapc_bond_req_ind_handler.str1.1  libfw.o
    0x1803fed0   0x1803fed0   0x00000001   Data   RO        10241    .rodata.gap_manager_gapc_cmp_evt_handler.cst1  libfw.o
    0x1803fed1   0x1803fed1   0x0000000e   Data   RO        10245    .rodata.gap_manager_gapc_get_dev_info_req_ind_handler.str1.1  libfw.o
    0x1803fedf   0x1803fedf   0x00000019   Data   RO        10242    .rodata.gap_manager_master_encrypt.str1.1  libfw.o
    0x1803fef8   0x1803fef8   0x00000020   Data   RO        10253    .rodata.gapm_activity_start_cmd_send.str1.1  libfw.o
    0x1803ff18   0x1803ff18   0x0000001e   Data   RO        10249    .rodata.gatt_manager_gattc_event_ind_handler.str1.1  libfw.o
    0x1803ff36   0x1803ff36   0x0000003a   Data   RO        10248    .rodata.gatt_manager_gattc_event_req_ind_handler.str1.1  libfw.o
    0x1803ff70   0x1803ff70   0x0000001d   Data   RO        10237    .rodata.nvds_get.str1.1  libfw.o
    0x1803ff8d   0x1803ff8d   0x00000003   PAD
    0x1803ff90   0x1803ff90   0x00000040   Data   RO        10746    Region$$Table       anon$$obj.o


==============================================================================

Image component sizes


      Code (inc. data)   RO Data    RW Data    ZI Data      Debug   Object Name

      1870        756        124         76         59      10107   bsp_bluetooth.o
      1060        148          0         48        608      10903   bsp_boot.o
      1382        218          0        112          0      10461   bsp_key.o
       332         28          0         24          0       2846   bsp_led.o
      1186         40          0          8         16       6707   bsp_newprotocol.o
      1052         62          0          8         12       7535   bsp_oldprotocol.o
       148         14          0          4          0       1004   bsp_power.o
       288         58          0          8         12       3180   bsp_systimer.o
       174         38         77        156       4096       3003   bsp_uart.o
        64          6          0          0          0        716   calc_acc.o
        64          4          0          0          0        611   calc_div.o
       260          6          0          0          0       2263   common.o
        24          0          0          0          0       2286   cpu.o
        64          6        512          0          0       1744   crc16.o
         8          0          0          0          0        388   delay_asm.o
       230          0          0          0          0       4208   fifo.o
       428         52          0          0          0       4635   inflash_settings.o
      9152       1604        562          0        274          0   libfw.o
       714        248          0          0          0       7850   linked_buffer.o
       214         30         17          0          0       4133   log.o
       176         92          0          0          0       1669   ls_dbg.o
         0          0          0          0          0       1220   ls_hal_adc.o
      1294        192        300         14         96      13177   ls_hal_ecc.o
       702         66          0         12          0      18790   ls_hal_flash.o
      1154         16          0          0          0      16253   ls_hal_flash_qspi.o
       198          0          0          0          0       6661   ls_hal_flash_svcall.o
        66          4          0          0          0       3044   ls_hal_pis.o
      1158         70          0          0          0       8551   ls_hal_qspi.o
         2          0          0          0          0        408   ls_hal_rtc.o
         0          0          0          0          0        879   ls_hal_spi_i2s.o
       128         16          0          0          0       2785   ls_hal_trng.o
         0          0          0          0          0       8212   ls_msp_adc.o
         0          0          0          0          0       7752   ls_msp_crypt.o
       164         28          0          0          0       3189   ls_msp_ecc.o
        32          6          0          0          0        535   ls_msp_pis.o
        80         10          0          0          0       2133   ls_msp_qspi.o
       180         28          0          0          0       2370   ls_msp_trng.o
       802         92          0          0          0      27326   ls_soc_gpio.o
        20          4          0          0          0      24406   main.o
      1514        236          8          7          0      11937   modem_rf_le501x.o
        56          6         24          0          0       2064   ota_settings.o
      2338        362          0         48         44      35715   platform.o
       220         44          0          0       1208       5549   segger_rtt.o
      1822        270          2          7          0      38094   sleep.o
        42          0          0          0          0        436   sleep_asm.o
        10          0          0          0          0        396   stack_asm.o
       328        154          0        108      19880       5972   stack_var.o
        20         10        192          0       6144        760   startup.o
        36          4         32          0          0       1175   svcall.o
        28          6          0          0          0        388   svcall_asm.o
        88         30          0          1         18       3266   sys_stat.o
        56         16          0         32          0       2096   system_init.o
       146         32          0          4          0       2732   systick.o
      6856       1194         20          4        360      52013   tinyfs.o
         0          0         12          0          0        691   tinyfs_nvm.o
       320         22          0          0        264       2649   tinyfs_write_cache.o

    ----------------------------------------------------------------------
     39064       6400       1960        688      33128     399873   Object Totals
       216         72         64          0          8          0   (incl. Generated)
        98          0         14          7         29          0   (incl. Padding)

    ----------------------------------------------------------------------

      Code (inc. data)   RO Data    RW Data    ZI Data      Debug   Library Member Name

        30          0          0          0          0         60   _chval.o
       828         14          0          0          0         84   _scanf.o
       330          0          0          0          0         84   _scanf_int.o
       330          0          0          0          0         84   _scanf_longlong.o
       232          0          0          0          0         84   _scanf_str.o
        68          0          0          0          0         76   _sgetc.o
        36          4         64          0          0         60   ctype_c.o
         0          0          0          0          0          0   entry.o
         0          0          0          0          0          0   entry10a.o
         0          0          0          0          0          0   entry11a.o
         4          0          0          0          0          0   entry12b.o
         8          4          0          0          0          0   entry2.o
         4          0          0          0          0          0   entry5.o
         0          0          0          0          0          0   entry7b.o
         0          0          0          0          0          0   entry8b.o
         8          4          0          0          0          0   entry9a.o
        30          0          0          0          0          0   handlers.o
        36          8          0          0          0         68   init.o
        14          0          0          0          0         68   isspace_c.o
         0          0          0          0          0          0   iusefp.o
       122          0          0          0          0         84   llmul.o
        32          0          0          0          0         68   llshl.o
        38          0          0          0          0         68   llsshr.o
        34          0          0          0          0         68   llushr.o
       192         20          0          0          0        144   malloc.o
        36          0          0          0          0         60   memcpya.o
        36          0          0          0          0        100   memseta.o
         0          0          0          8          0          0   mvars.o
      2326        110          0          0          0        624   printfa.o
         8          0          0          0          0         68   putc.o
        36         12          0          4          0        120   rand.o
        44          8          0          0          0         84   scanf_char.o
       898         12          0          0          0        184   scanf_fp.o
        60         10          0          0          0         84   sscanf.o
         0          0          0          4          0          0   stdout.o
        18          0          0          0          0         60   strcpy.o
        96          0          0          0          0         84   uldiv.o
        40          2          0          0          0         68   cdrcmple.o
        56          0          0          0          0         68   d2f.o
       360          6          0          0          0        140   dadd.o
       240          6          0          0          0         84   ddiv.o
       236          0          0          0          0        216   depilogue.o
        64         10          0          0          0         68   dfixul.o
        28          6          0          0          0         68   dfltul.o
       208          6          0          0          0         88   dmul.o
       130          0          0          0          0        144   fepilogue.o

    ----------------------------------------------------------------------
      7312        242         64         16          0       3512   Library Totals
        16          0          0          0          0          0   (incl. Padding)

    ----------------------------------------------------------------------

      Code (inc. data)   RO Data    RW Data    ZI Data      Debug   Library Name

      5934        206         64         16          0       2568   mc_p.l
      1362         36          0          0          0        944   mf_p.l

    ----------------------------------------------------------------------
      7312        242         64         16          0       3512   Library Totals

    ----------------------------------------------------------------------

==============================================================================


      Code (inc. data)   RO Data    RW Data    ZI Data      Debug   

     46376       6642       2024        704      33128     382149   Grand Totals
     46376       6642       2024        704      33128     382149   ELF Image Totals
     46376       6642       2024        704          0          0   ROM Totals

==============================================================================

    Total RO  Size (Code + RO Data)                48400 (  47.27kB)
    Total RW  Size (RW Data + ZI Data)             33832 (  33.04kB)
    Total ROM Size (Code + RO Data + RW Data)      49104 (  47.95kB)

==============================================================================

